2025-11-23T07:03:36.4323880Z Current runner version: '2.329.0'
2025-11-23T07:03:36.4349577Z ##[group]Runner Image Provisioner
2025-11-23T07:03:36.4350375Z Hosted Compute Agent
2025-11-23T07:03:36.4350955Z Version: 20251016.436
2025-11-23T07:03:36.4351637Z Commit: 8ab8ac8bfd662a3739dab9fe09456aba92132568
2025-11-23T07:03:36.4352607Z Build Date: 2025-10-15T20:44:12Z
2025-11-23T07:03:36.4353196Z ##[endgroup]
2025-11-23T07:03:36.4353790Z ##[group]Operating System
2025-11-23T07:03:36.4354365Z Ubuntu
2025-11-23T07:03:36.4354830Z 24.04.3
2025-11-23T07:03:36.4355285Z LTS
2025-11-23T07:03:36.4355763Z ##[endgroup]
2025-11-23T07:03:36.4356298Z ##[group]Runner Image
2025-11-23T07:03:36.4356908Z Image: ubuntu-24.04
2025-11-23T07:03:36.4357455Z Version: 20251112.124.1
2025-11-23T07:03:36.4358500Z Included Software: https://github.com/actions/runner-images/blob/ubuntu24/20251112.124/images/ubuntu/Ubuntu2404-Readme.md
2025-11-23T07:03:36.4360169Z Image Release: https://github.com/actions/runner-images/releases/tag/ubuntu24%2F20251112.124
2025-11-23T07:03:36.4361172Z ##[endgroup]
2025-11-23T07:03:36.4362255Z ##[group]GITHUB_TOKEN Permissions
2025-11-23T07:03:36.4364319Z Contents: read
2025-11-23T07:03:36.4364980Z Metadata: read
2025-11-23T07:03:36.4365533Z ##[endgroup]
2025-11-23T07:03:36.4367556Z Secret source: Actions
2025-11-23T07:03:36.4368354Z Prepare workflow directory
2025-11-23T07:03:36.4693523Z Prepare all required actions
2025-11-23T07:03:36.4731215Z Getting action download info
2025-11-23T07:03:36.8133475Z Download action repository 'actions/download-artifact@v4' (SHA:d3f86a106a0bac45b974a628896c90dbdf5c8093)
2025-11-23T07:03:37.2909657Z Download action repository 'azure/login@v2' (SHA:a457da9ea143d694b1b9c7c869ebb04ebe844ef5)
2025-11-23T07:03:37.7329097Z Download action repository 'azure/webapps-deploy@v3' (SHA:657f0700ea5214d56a0400d8ac5e8023c963d25d)
2025-11-23T07:03:40.0136087Z Complete job name: deploy
2025-11-23T07:03:40.0760997Z ##[group]Run actions/download-artifact@v4
2025-11-23T07:03:40.0761649Z with:
2025-11-23T07:03:40.0761884Z   name: node-app
2025-11-23T07:03:40.0762140Z   path: .
2025-11-23T07:03:40.0762605Z   merge-multiple: false
2025-11-23T07:03:40.0762893Z   repository: manish-partey/NuxtAuth
2025-11-23T07:03:40.0763182Z   run-id: 19607524182
2025-11-23T07:03:40.0763653Z ##[endgroup]
2025-11-23T07:03:40.2857881Z Downloading single artifact
2025-11-23T07:03:40.4075474Z Preparing to download the following artifacts:
2025-11-23T07:03:40.4077030Z - node-app (ID: 4652045413, Size: 18841616, Expected Digest: sha256:d1653f48c24b902f4df054131c33983d993403ca4221874727b0ff9f58b689db)
2025-11-23T07:03:40.4897566Z Redirecting to blob download url: https://productionresultssa12.blob.core.windows.net/actions-results/469874b6-9fa4-4c5a-bd81-c14b539c68cf/workflow-job-run-c6c92bd4-47cf-5af5-a31d-71196ae3cb28/artifacts/236bf3d06418ac7275c91e12343cfbf289a60ef44239b89d4056c5a20b2ba55d.zip
2025-11-23T07:03:40.4899783Z Starting download of artifact to: /home/runner/work/NuxtAuth/NuxtAuth
2025-11-23T07:03:40.7140218Z (node:1970) [DEP0005] DeprecationWarning: Buffer() is deprecated due to security and usability issues. Please use the Buffer.alloc(), Buffer.allocUnsafe(), or Buffer.from() methods instead.
2025-11-23T07:03:40.7141932Z (Use `node --trace-deprecation ...` to show where the warning was created)
2025-11-23T07:03:41.7331004Z SHA256 digest of downloaded artifact is d1653f48c24b902f4df054131c33983d993403ca4221874727b0ff9f58b689db
2025-11-23T07:03:41.7332096Z Artifact download completed successfully.
2025-11-23T07:03:41.7332873Z Total of 1 artifact(s) downloaded
2025-11-23T07:03:41.7339622Z Download artifact has finished successfully
2025-11-23T07:03:41.7558381Z ##[group]Run azure/login@v2
2025-11-23T07:03:41.7558648Z with:
2025-11-23T07:03:41.7559082Z   client-id: ***
2025-11-23T07:03:41.7559331Z   tenant-id: ***
2025-11-23T07:03:41.7559587Z   subscription-id: ***
2025-11-23T07:03:41.7559807Z   enable-AzPSSession: false
2025-11-23T07:03:41.7560031Z   environment: azurecloud
2025-11-23T07:03:41.7560258Z   allow-no-subscriptions: false
2025-11-23T07:03:41.7560804Z   audience: api://AzureADTokenExchange
2025-11-23T07:03:41.7561098Z   auth-type: SERVICE_PRINCIPAL
2025-11-23T07:03:41.7561330Z ##[endgroup]
2025-11-23T07:03:41.7936349Z Running Azure CLI Login.
2025-11-23T07:03:58.6529819Z [command]/usr/bin/az cloud set -n azurecloud
2025-11-23T07:03:58.8828953Z Done setting cloud: "azurecloud"
2025-11-23T07:03:59.0390199Z Federated token details:
2025-11-23T07:03:59.0390758Z  issuer - https://token.actions.githubusercontent.com
2025-11-23T07:03:59.0391432Z  subject claim - repo:manish-partey/NuxtAuth:environment:Production
2025-11-23T07:03:59.0392127Z  audience - api://AzureADTokenExchange
2025-11-23T07:03:59.0393138Z  job_workflow_ref - manish-partey/NuxtAuth/.github/workflows/main_cargonuxt.yml@refs/heads/main
2025-11-23T07:03:59.0393934Z Attempting Azure CLI login by using OIDC...
2025-11-23T07:04:02.2326560Z Subscription is set successfully.
2025-11-23T07:04:02.2327167Z Azure CLI login succeeds by using OIDC.
2025-11-23T07:04:02.2433724Z ##[group]Run azure/webapps-deploy@v3
2025-11-23T07:04:02.2434033Z with:
2025-11-23T07:04:02.2434224Z   app-name: CargoNuxt
2025-11-23T07:04:02.2434447Z   slot-name: Production
2025-11-23T07:04:02.2434668Z   package: node-app.zip
2025-11-23T07:04:02.2434872Z   type: zip
2025-11-23T07:04:02.2435047Z   clean: true
2025-11-23T07:04:02.2435233Z ##[endgroup]
2025-11-23T07:04:04.4433673Z Validating SPN Linux Web App inputs...
2025-11-23T07:04:04.4738473Z Predeployment Step Started
2025-11-23T07:04:05.9621609Z Deployment Step Started
2025-11-23T07:04:05.9624057Z Starting deployment for web app...
2025-11-23T07:04:07.5699922Z Package deployment using OneDeploy initiated.
2025-11-23T07:05:33.4843001Z {
2025-11-23T07:05:33.4843327Z   id: 'a915a0c9-0ca7-4ab0-93a6-b0a572d95d8a',
2025-11-23T07:05:33.4843717Z   status: 3,
2025-11-23T07:05:33.4844004Z   status_text: '',
2025-11-23T07:05:33.4844313Z   author_email: 'N/A',
2025-11-23T07:05:33.4844668Z   author: 'N/A',
2025-11-23T07:05:33.4845201Z   deployer: 'OneDeploy',
2025-11-23T07:05:33.4845692Z   message: 'OneDeploy',
2025-11-23T07:05:33.4846023Z   progress: '',
2025-11-23T07:05:33.4846430Z   received_time: '2025-11-23T07:04:11.9023454Z',
2025-11-23T07:05:33.4846875Z   start_time: '2025-11-23T07:04:13.2108845Z',
2025-11-23T07:05:33.4847291Z   end_time: '2025-11-23T07:05:26.9249423Z',
2025-11-23T07:05:33.4847708Z   last_success_end_time: null,
2025-11-23T07:05:33.4848068Z   complete: true,
2025-11-23T07:05:33.4848368Z   active: false,
2025-11-23T07:05:33.4848735Z   is_temp: false,
2025-11-23T07:05:33.4849083Z   is_readonly: true,
2025-11-23T07:05:33.4850185Z   url: 'https://cargonuxt-awfkfdffa7dcdzes.scm.eastus2-01.azurewebsites.net/api/deployments/a915a0c9-0ca7-4ab0-93a6-b0a572d95d8a',
2025-11-23T07:05:33.4852101Z   log_url: 'https://cargonuxt-awfkfdffa7dcdzes.scm.eastus2-01.azurewebsites.net/api/deployments/a915a0c9-0ca7-4ab0-93a6-b0a572d95d8a/log',
2025-11-23T07:05:33.4853525Z   site_name: 'cargonuxt',
2025-11-23T07:05:33.4854094Z   build_summary: { errors: [], warnings: [] }
2025-11-23T07:05:33.4854699Z }
2025-11-23T07:05:33.6414601Z Updating submodules.
2025-11-23T07:05:33.6415184Z Preparing deployment for commit id 'a915a0c9-0'.
2025-11-23T07:05:33.6415893Z PreDeployment: context.CleanOutputPath False
2025-11-23T07:05:33.6416328Z PreDeployment: context.OutputPath /home/site/wwwroot
2025-11-23T07:05:33.6416753Z Repository path is /tmp/zipdeploy/extracted
2025-11-23T07:05:33.6417100Z Running oryx build...
2025-11-23T07:05:33.7512723Z Command: oryx build /tmp/zipdeploy/extracted -o /home/site/wwwroot --platform nodejs --platform-version 20 -p virtualenv_name= --log-file /tmp/build-debug.log  -i /tmp/8de2a5e82338b6c -p compress_node_modules=tar-gz | tee /tmp/oryx-build.log
2025-11-23T07:05:33.7514170Z Operation performed by Microsoft Oryx, https://github.com/Microsoft/Oryx
2025-11-23T07:05:33.7514656Z You can report issues at https://github.com/Microsoft/Oryx/issues
2025-11-23T07:05:33.7514922Z 
2025-11-23T07:05:33.7515401Z Oryx Version: 0.2.20251022.1+bef98bc7139feefaa74be16de9d835e2c85385d4, Commit: bef98bc7139feefaa74be16de9d835e2c85385d4, ReleaseTagName: 20251022.1
2025-11-23T07:05:33.7516307Z 
2025-11-23T07:05:33.7516411Z Build Operation ID: a26d49174c669ea5
2025-11-23T07:05:33.7516747Z Repository Commit : a915a0c9-0ca7-4ab0-93a6-b0a572d95d8a
2025-11-23T07:05:33.7517141Z OS Type           : bookworm
2025-11-23T07:05:33.7517372Z Image Type        : githubactions
2025-11-23T07:05:33.7517537Z 
2025-11-23T07:05:33.7517687Z Primary SDK Storage URL: https://oryx-cdn.microsoft.io
2025-11-23T07:05:33.7518001Z Backup SDK Storage URL: 
2025-11-23T07:05:33.7518220Z Detecting platforms...
2025-11-23T07:05:33.7518440Z External SDK provider is enabled.
2025-11-23T07:05:33.7518769Z Requesting metadata for platform nodejs from external SDK provider
2025-11-23T07:05:33.7519192Z Requesting metadata for platform nodejs from external SDK provider
2025-11-23T07:05:33.7519531Z Detected following platforms:
2025-11-23T07:05:33.7519755Z   nodejs: 20.19.5
2025-11-23T07:05:33.7520184Z Detected the following frameworks: Nuxt.js
2025-11-23T07:05:33.7520554Z 
2025-11-23T07:05:33.7520795Z Using intermediate directory '/tmp/8de2a5e82338b6c'.
2025-11-23T07:05:33.7521180Z 
2025-11-23T07:05:33.7521387Z Copying files to the intermediate directory...
2025-11-23T07:05:33.7521660Z Done in 0 sec(s).
2025-11-23T07:05:33.7521781Z 
2025-11-23T07:05:33.7521886Z Source directory     : /tmp/8de2a5e82338b6c
2025-11-23T07:05:33.7522166Z Destination directory: /home/site/wwwroot
2025-11-23T07:05:33.7522572Z 
2025-11-23T07:05:33.7522687Z Removing existing manifest file
2025-11-23T07:05:33.7523010Z Creating directory for command manifest file if it does not exist
2025-11-23T07:05:33.7523345Z Creating a manifest file...
2025-11-23T07:05:33.7523585Z Node Build Command Manifest file created.
2025-11-23T07:05:33.7523758Z 
2025-11-23T07:05:33.7523837Z Using Node version:
2025-11-23T07:05:33.7524023Z v20.19.5
2025-11-23T07:05:33.7524117Z 
2025-11-23T07:05:33.7524196Z Using Npm version:
2025-11-23T07:05:33.7524389Z 10.8.2
2025-11-23T07:05:33.7524486Z 
2025-11-23T07:05:33.7524572Z Running 'npm install'...
2025-11-23T07:05:33.7524712Z 
2025-11-23T07:05:33.7525350Z npm warn deprecated inflight@1.0.6: This module is not supported, and leaks memory. Do not use it. Check out lru-cache if you want a good and tested way to coalesce async requests by a key value, which is much more comprehensive and powerful.
2025-11-23T07:05:33.7526298Z npm warn deprecated @humanwhocodes/config-array@0.13.0: Use @eslint/config-array instead
2025-11-23T07:05:33.7526824Z npm warn deprecated rimraf@3.0.2: Rimraf versions prior to v4 are no longer supported
2025-11-23T07:05:33.7527343Z npm warn deprecated @humanwhocodes/object-schema@2.0.3: Use @eslint/object-schema instead
2025-11-23T07:05:33.7527850Z npm warn deprecated glob@7.2.3: Glob versions prior to v9 are no longer supported
2025-11-23T07:05:33.7528496Z npm warn deprecated eslint@8.57.1: This version is no longer supported. Please see https://eslint.org/version-support for other options.
2025-11-23T07:05:33.7528940Z 
2025-11-23T07:05:33.7529018Z > postinstall
2025-11-23T07:05:33.7529205Z > nuxt prepare
2025-11-23T07:05:33.7529312Z 
2025-11-23T07:05:33.7529510Z [nuxi] ✔ Types generated in .nuxt
2025-11-23T07:05:33.7529670Z 
2025-11-23T07:05:33.7529804Z added 1042 packages, and audited 1044 packages in 14s
2025-11-23T07:05:33.7530010Z 
2025-11-23T07:05:33.7530106Z 272 packages are looking for funding
2025-11-23T07:05:33.7530355Z   run `npm fund` for details
2025-11-23T07:05:33.7530502Z 
2025-11-23T07:05:33.7530598Z 2 vulnerabilities (1 moderate, 1 high)
2025-11-23T07:05:33.7530773Z 
2025-11-23T07:05:33.7530859Z To address all issues, run:
2025-11-23T07:05:33.7531073Z   npm audit fix
2025-11-23T07:05:33.7531186Z 
2025-11-23T07:05:33.7531272Z Run `npm audit` for details.
2025-11-23T07:05:33.7531409Z 
2025-11-23T07:05:33.7531495Z Running 'npm run build'...
2025-11-23T07:05:33.7531629Z 
2025-11-23T07:05:33.7531632Z 
2025-11-23T07:05:33.7531705Z > build
2025-11-23T07:05:33.7531874Z > nuxt build
2025-11-23T07:05:33.7531980Z 
2025-11-23T07:05:33.7532290Z [nuxi] Nuxt 3.20.1 (with Nitro 2.12.9, Vite 7.2.2 and Vue 3.5.24)
2025-11-23T07:05:33.7532799Z [nuxi] ℹ Building for Nitro preset: node-server
2025-11-23T07:05:33.7533096Z ℹ Building client...
2025-11-23T07:05:33.7533422Z ℹ vite v7.2.2 building client environment for production...
2025-11-23T07:05:33.7533751Z ℹ transforming...
2025-11-23T07:05:33.7533991Z ℹ ✓ 417 modules transformed.
2025-11-23T07:05:33.7534240Z ℹ rendering chunks...
2025-11-23T07:05:33.7534364Z 
2025-11-23T07:05:33.7534450Z  WARN  [esbuild css minify]
2025-11-23T07:05:33.7534772Z ▲ [WARNING] Expected ";" but found "}" [css-syntax-error]
2025-11-23T07:05:33.7534993Z 
2025-11-23T07:05:33.7535070Z     <stdin>:1:111:
2025-11-23T07:05:33.7535436Z       1 │ ...apply bg-white rounded-2xl shadow p-6 hover:bg-gray-50 transition}}
2025-11-23T07:05:33.7535858Z         │                                                                     ^
2025-11-23T07:05:33.7536345Z         ╵                                                                     ;
2025-11-23T07:05:33.7536555Z 
2025-11-23T07:05:33.7536558Z 
2025-11-23T07:05:33.7536562Z 
2025-11-23T07:05:33.7536564Z 
2025-11-23T07:05:33.7536656Z  WARN  [esbuild css minify]
2025-11-23T07:05:33.7536991Z ▲ [WARNING] Expected ";" but found "}" [css-syntax-error]
2025-11-23T07:05:33.7537219Z 
2025-11-23T07:05:33.7537292Z     <stdin>:1:117:
2025-11-23T07:05:33.7537648Z       1 │ ...apply bg-white rounded-2xl shadow p-6 hover:bg-gray-50 transition}}
2025-11-23T07:05:33.7538064Z         │                                                                     ^
2025-11-23T07:05:33.7538415Z         ╵                                                                     ;
2025-11-23T07:05:33.7538612Z 
2025-11-23T07:05:33.7538615Z 
2025-11-23T07:05:33.7538619Z 
2025-11-23T07:05:33.7538735Z ℹ computing gzip size...
2025-11-23T07:05:33.7539132Z ℹ .nuxt/dist/client/manifest.json                         22.51 kB │ gzip:  2.56 kB
2025-11-23T07:05:33.7539689Z ℹ .nuxt/dist/client/_nuxt/dev-tools.tn0RQdqM.css           0.00 kB │ gzip:  0.02 kB
2025-11-23T07:05:33.7540262Z ℹ .nuxt/dist/client/_nuxt/DocumentUploader.CedfQ8wV.css    0.05 kB │ gzip:  0.07 kB
2025-11-23T07:05:33.7540815Z ℹ .nuxt/dist/client/_nuxt/default.ZRPy6e_J.css             0.05 kB │ gzip:  0.07 kB
2025-11-23T07:05:33.7541357Z ℹ .nuxt/dist/client/_nuxt/documents.Cz_b4u5E.css           0.06 kB │ gzip:  0.08 kB
2025-11-23T07:05:33.7541889Z ℹ .nuxt/dist/client/_nuxt/index.BYwIessv.css               0.12 kB │ gzip:  0.13 kB
2025-11-23T07:05:33.7542545Z ℹ .nuxt/dist/client/_nuxt/index.BQST7UKc.css               0.12 kB │ gzip:  0.13 kB
2025-11-23T07:05:33.7543096Z ℹ .nuxt/dist/client/_nuxt/dashboard.Bt3kjZXp.css           1.08 kB │ gzip:  0.42 kB
2025-11-23T07:05:33.7543641Z ℹ .nuxt/dist/client/_nuxt/error-500.CVLkTsZM.css           1.88 kB │ gzip:  0.72 kB
2025-11-23T07:05:33.7544176Z ℹ .nuxt/dist/client/_nuxt/error-404.CYUhy3y9.css           3.53 kB │ gzip:  1.09 kB
2025-11-23T07:05:33.7544707Z ℹ .nuxt/dist/client/_nuxt/DlAUqK2U.js                      0.09 kB │ gzip:  0.10 kB
2025-11-23T07:05:33.7545227Z ℹ .nuxt/dist/client/_nuxt/qCd2H6sx.js                      0.25 kB │ gzip:  0.19 kB
2025-11-23T07:05:33.7545736Z ℹ .nuxt/dist/client/_nuxt/BZt8eW5B.js                      0.28 kB │ gzip:  0.23 kB
2025-11-23T07:05:33.7546250Z ℹ .nuxt/dist/client/_nuxt/weGagAfR.js                      0.28 kB │ gzip:  0.23 kB
2025-11-23T07:05:33.7546759Z ℹ .nuxt/dist/client/_nuxt/DjhKUB4E.js                      0.28 kB │ gzip:  0.23 kB
2025-11-23T07:05:33.7547264Z ℹ .nuxt/dist/client/_nuxt/BJFqMFjG.js                      0.30 kB │ gzip:  0.23 kB
2025-11-23T07:05:33.7547776Z ℹ .nuxt/dist/client/_nuxt/CEDlB7Ni.js                      0.34 kB │ gzip:  0.27 kB
2025-11-23T07:05:33.7548280Z ℹ .nuxt/dist/client/_nuxt/CBDO7UUC.js                      0.36 kB │ gzip:  0.27 kB
2025-11-23T07:05:33.7548792Z ℹ .nuxt/dist/client/_nuxt/BTBpftMH.js                      0.36 kB │ gzip:  0.27 kB
2025-11-23T07:05:33.7549307Z ℹ .nuxt/dist/client/_nuxt/DGwbsxGL.js                      0.37 kB │ gzip:  0.30 kB
2025-11-23T07:05:33.7549950Z ℹ .nuxt/dist/client/_nuxt/CJ82b6JR.js                      0.56 kB │ gzip:  0.40 kB
2025-11-23T07:05:33.7550462Z ℹ .nuxt/dist/client/_nuxt/jMzI1QN0.js                      0.61 kB │ gzip:  0.42 kB
2025-11-23T07:05:33.7550966Z ℹ .nuxt/dist/client/_nuxt/BjLIaOEL.js                      0.69 kB │ gzip:  0.47 kB
2025-11-23T07:05:33.7551475Z ℹ .nuxt/dist/client/_nuxt/BFkGuuli.js                      0.88 kB │ gzip:  0.46 kB
2025-11-23T07:05:33.7551983Z ℹ .nuxt/dist/client/_nuxt/BU8kFYC9.js                      1.18 kB │ gzip:  0.63 kB
2025-11-23T07:05:33.7552651Z ℹ .nuxt/dist/client/_nuxt/L8TaNQSG.js                      1.21 kB │ gzip:  0.67 kB
2025-11-23T07:05:33.7553167Z ℹ .nuxt/dist/client/_nuxt/Bsam3baI.js                      1.34 kB │ gzip:  0.70 kB
2025-11-23T07:05:33.7553680Z ℹ .nuxt/dist/client/_nuxt/x4RaP4nq.js                      1.34 kB │ gzip:  0.78 kB
2025-11-23T07:05:33.7554311Z ℹ .nuxt/dist/client/_nuxt/B7aBysCd.js                      1.39 kB │ gzip:  0.76 kB
2025-11-23T07:05:33.7554850Z ℹ .nuxt/dist/client/_nuxt/CjJVf5_J.js                      1.56 kB │ gzip:  0.89 kB
2025-11-23T07:05:33.7555354Z ℹ .nuxt/dist/client/_nuxt/ICR-1Zax.js                      1.57 kB │ gzip:  0.81 kB
2025-11-23T07:05:33.7555862Z ℹ .nuxt/dist/client/_nuxt/D2I7XPMr.js                      1.58 kB │ gzip:  0.71 kB
2025-11-23T07:05:33.7556384Z ℹ .nuxt/dist/client/_nuxt/CMftuwHn.js                      1.59 kB │ gzip:  0.81 kB
2025-11-23T07:05:33.7556896Z ℹ .nuxt/dist/client/_nuxt/BG1hLFPW.js                      1.61 kB │ gzip:  0.69 kB
2025-11-23T07:05:33.7557410Z ℹ .nuxt/dist/client/_nuxt/F8CqX03Q.js                      1.99 kB │ gzip:  1.05 kB
2025-11-23T07:05:33.7557937Z ℹ .nuxt/dist/client/_nuxt/CCnVd4md.js                      2.24 kB │ gzip:  1.15 kB
2025-11-23T07:05:33.7558463Z ℹ .nuxt/dist/client/_nuxt/SepfeBAg.js                      2.27 kB │ gzip:  0.90 kB
2025-11-23T07:05:33.7558988Z ℹ .nuxt/dist/client/_nuxt/BlkPAaZ9.js                      2.36 kB │ gzip:  1.03 kB
2025-11-23T07:05:33.7559513Z ℹ .nuxt/dist/client/_nuxt/F-6Hyjte.js                      2.46 kB │ gzip:  1.04 kB
2025-11-23T07:05:33.7560025Z ℹ .nuxt/dist/client/_nuxt/8WGFKkCW.js                      2.57 kB │ gzip:  1.05 kB
2025-11-23T07:05:33.7560544Z ℹ .nuxt/dist/client/_nuxt/Dwf33OuD.js                      2.58 kB │ gzip:  1.22 kB
2025-11-23T07:05:33.7561062Z ℹ .nuxt/dist/client/_nuxt/Cs7E2HGJ.js                      2.62 kB │ gzip:  1.22 kB
2025-11-23T07:05:33.7561570Z ℹ .nuxt/dist/client/_nuxt/DnFoUt_a.js                      2.72 kB │ gzip:  1.13 kB
2025-11-23T07:05:33.7562078Z ℹ .nuxt/dist/client/_nuxt/CtQocwPZ.js                      2.73 kB │ gzip:  1.04 kB
2025-11-23T07:05:33.7562697Z ℹ .nuxt/dist/client/_nuxt/R2BdI8fp.js                      2.75 kB │ gzip:  1.26 kB
2025-11-23T07:05:33.7563208Z ℹ .nuxt/dist/client/_nuxt/z39pLDMz.js                      2.79 kB │ gzip:  1.19 kB
2025-11-23T07:05:33.7563731Z ℹ .nuxt/dist/client/_nuxt/pr7DBOL0.js                      3.44 kB │ gzip:  1.55 kB
2025-11-23T07:05:33.7564252Z ℹ .nuxt/dist/client/_nuxt/2Wli6fWz.js                      3.56 kB │ gzip:  1.39 kB
2025-11-23T07:05:33.7564775Z ℹ .nuxt/dist/client/_nuxt/hbGtXtGt.js                      3.61 kB │ gzip:  1.47 kB
2025-11-23T07:05:33.7565288Z ℹ .nuxt/dist/client/_nuxt/BX5NnuCe.js                      3.64 kB │ gzip:  1.51 kB
2025-11-23T07:05:33.7565817Z ℹ .nuxt/dist/client/_nuxt/C3nUlU-A.js                      3.74 kB │ gzip:  1.64 kB
2025-11-23T07:05:33.7566363Z ℹ .nuxt/dist/client/_nuxt/E2HT3FBD.js                      3.80 kB │ gzip:  1.72 kB
2025-11-23T07:05:33.7566876Z ℹ .nuxt/dist/client/_nuxt/BCUTm9xI.js                      4.05 kB │ gzip:  1.66 kB
2025-11-23T07:05:33.7567385Z ℹ .nuxt/dist/client/_nuxt/CUxIPntE.js                      4.07 kB │ gzip:  1.67 kB
2025-11-23T07:05:33.7567901Z ℹ .nuxt/dist/client/_nuxt/DVNP1o3V.js                      4.34 kB │ gzip:  1.67 kB
2025-11-23T07:05:33.7568420Z ℹ .nuxt/dist/client/_nuxt/C0sdIrFi.js                      4.42 kB │ gzip:  1.77 kB
2025-11-23T07:05:33.7569061Z ℹ .nuxt/dist/client/_nuxt/2Oi0cdhT.js                      4.50 kB │ gzip:  1.60 kB
2025-11-23T07:05:33.7569570Z ℹ .nuxt/dist/client/_nuxt/BlamZM6N.js                      5.00 kB │ gzip:  1.74 kB
2025-11-23T07:05:33.7570079Z ℹ .nuxt/dist/client/_nuxt/CCQtvJSp.js                      5.03 kB │ gzip:  1.31 kB
2025-11-23T07:05:33.7570587Z ℹ .nuxt/dist/client/_nuxt/BoJJKm6H.js                      5.10 kB │ gzip:  1.99 kB
2025-11-23T07:05:33.7571096Z ℹ .nuxt/dist/client/_nuxt/CdWzARBn.js                      6.01 kB │ gzip:  2.10 kB
2025-11-23T07:05:33.7571607Z ℹ .nuxt/dist/client/_nuxt/uT-tg9TR.js                      6.03 kB │ gzip:  1.78 kB
2025-11-23T07:05:33.7572110Z ℹ .nuxt/dist/client/_nuxt/DuIMb-TT.js                      6.19 kB │ gzip:  2.18 kB
2025-11-23T07:05:33.7572725Z ℹ .nuxt/dist/client/_nuxt/DGYXpm1Z.js                      6.21 kB │ gzip:  1.96 kB
2025-11-23T07:05:33.7573356Z ℹ .nuxt/dist/client/_nuxt/Bmdu0XlK.js                      6.87 kB │ gzip:  1.89 kB
2025-11-23T07:05:33.7573876Z ℹ .nuxt/dist/client/_nuxt/DZjMnanJ.js                      6.90 kB │ gzip:  2.18 kB
2025-11-23T07:05:33.7574398Z ℹ .nuxt/dist/client/_nuxt/FGl4vQV6.js                      7.08 kB │ gzip:  2.71 kB
2025-11-23T07:05:33.7574910Z ℹ .nuxt/dist/client/_nuxt/2h4IWuHC.js                      7.35 kB │ gzip:  2.46 kB
2025-11-23T07:05:33.7575416Z ℹ .nuxt/dist/client/_nuxt/_p_W1Ezp.js                      7.36 kB │ gzip:  3.49 kB
2025-11-23T07:05:33.7575923Z ℹ .nuxt/dist/client/_nuxt/CKNknkPZ.js                      7.49 kB │ gzip:  2.19 kB
2025-11-23T07:05:33.7576435Z ℹ .nuxt/dist/client/_nuxt/BVB6kicH.js                      7.77 kB │ gzip:  2.14 kB
2025-11-23T07:05:33.7576943Z ℹ .nuxt/dist/client/_nuxt/tlIWrZGe.js                      8.19 kB │ gzip:  2.12 kB
2025-11-23T07:05:33.7577454Z ℹ .nuxt/dist/client/_nuxt/CYz9Kj4D.js                      8.33 kB │ gzip:  3.32 kB
2025-11-23T07:05:33.7577968Z ℹ .nuxt/dist/client/_nuxt/DaEd8S-e.js                      8.86 kB │ gzip:  3.04 kB
2025-11-23T07:05:33.7578474Z ℹ .nuxt/dist/client/_nuxt/D_dNaF6s.js                      9.37 kB │ gzip:  3.14 kB
2025-11-23T07:05:33.7579000Z ℹ .nuxt/dist/client/_nuxt/COH7b70A.js                      9.84 kB │ gzip:  2.96 kB
2025-11-23T07:05:33.7579509Z ℹ .nuxt/dist/client/_nuxt/Ci689et9.js                     10.03 kB │ gzip:  2.68 kB
2025-11-23T07:05:33.7580017Z ℹ .nuxt/dist/client/_nuxt/CWa6Swh1.js                     10.29 kB │ gzip:  3.46 kB
2025-11-23T07:05:33.7580521Z ℹ .nuxt/dist/client/_nuxt/BqM7_89T.js                     11.45 kB │ gzip:  3.61 kB
2025-11-23T07:05:33.7581028Z ℹ .nuxt/dist/client/_nuxt/CygZYRqb.js                     12.72 kB │ gzip:  3.92 kB
2025-11-23T07:05:33.7581539Z ℹ .nuxt/dist/client/_nuxt/DpLAP5sV.js                     13.53 kB │ gzip:  4.00 kB
2025-11-23T07:05:33.7582048Z ℹ .nuxt/dist/client/_nuxt/BWhFNubX.js                     13.66 kB │ gzip:  3.96 kB
2025-11-23T07:05:33.7582675Z ℹ .nuxt/dist/client/_nuxt/CVFOr8ky.js                     14.12 kB │ gzip:  3.89 kB
2025-11-23T07:05:33.7583186Z ℹ .nuxt/dist/client/_nuxt/BVd7BAxB.js                     14.57 kB │ gzip:  4.07 kB
2025-11-23T07:05:33.7583706Z ℹ .nuxt/dist/client/_nuxt/BsiC-SxQ.js                     14.61 kB │ gzip:  4.17 kB
2025-11-23T07:05:33.7584216Z ℹ .nuxt/dist/client/_nuxt/6ZhZuyfC.js                     15.00 kB │ gzip:  3.95 kB
2025-11-23T07:05:33.7584732Z ℹ .nuxt/dist/client/_nuxt/D7SppCZz.js                     33.86 kB │ gzip:  8.42 kB
2025-11-23T07:05:33.7585242Z ℹ .nuxt/dist/client/_nuxt/DGCJgrhc.js                    190.60 kB │ gzip: 70.63 kB
2025-11-23T07:05:33.7585620Z ℹ ✓ built in 9.67s
2025-11-23T07:05:33.7585858Z ✔ Client built in 9701ms
2025-11-23T07:05:33.7586093Z ℹ Building server...
2025-11-23T07:05:33.7586396Z ℹ vite v7.2.2 building ssr environment for production...
2025-11-23T07:05:33.7586705Z ℹ transforming...
2025-11-23T07:05:33.7586822Z 
2025-11-23T07:05:33.7586909Z  WARN  [esbuild css minify]
2025-11-23T07:05:33.7587245Z ▲ [WARNING] Expected ";" but found "}" [css-syntax-error]
2025-11-23T07:05:33.7587475Z 
2025-11-23T07:05:33.7587676Z     <stdin>:1:111:
2025-11-23T07:05:33.7588036Z       1 │ ...apply bg-white rounded-2xl shadow p-6 hover:bg-gray-50 transition}}
2025-11-23T07:05:33.7588463Z         │                                                                     ^
2025-11-23T07:05:33.7588803Z         ╵                                                                     ;
2025-11-23T07:05:33.7588985Z 
2025-11-23T07:05:33.7588989Z 
2025-11-23T07:05:33.7588992Z 
2025-11-23T07:05:33.7588995Z 
2025-11-23T07:05:33.7589083Z  WARN  [esbuild css minify]
2025-11-23T07:05:33.7589401Z ▲ [WARNING] Expected ";" but found "}" [css-syntax-error]
2025-11-23T07:05:33.7589623Z 
2025-11-23T07:05:33.7589693Z     <stdin>:1:117:
2025-11-23T07:05:33.7590043Z       1 │ ...apply bg-white rounded-2xl shadow p-6 hover:bg-gray-50 transition}}
2025-11-23T07:05:33.7590455Z         │                                                                     ^
2025-11-23T07:05:33.7590896Z         ╵                                                                     ;
2025-11-23T07:05:33.7591097Z 
2025-11-23T07:05:33.7591101Z 
2025-11-23T07:05:33.7591104Z 
2025-11-23T07:05:33.7591226Z ℹ ✓ 349 modules transformed.
2025-11-23T07:05:33.7591370Z 
2025-11-23T07:05:33.7591456Z  WARN  [esbuild css minify]
2025-11-23T07:05:33.7591771Z ▲ [WARNING] Expected ";" but found "}" [css-syntax-error]
2025-11-23T07:05:33.7591993Z 
2025-11-23T07:05:33.7592063Z     <stdin>:1:111:
2025-11-23T07:05:33.7592567Z       1 │ ...apply bg-white rounded-2xl shadow p-6 hover:bg-gray-50 transition}}
2025-11-23T07:05:33.7592994Z         │                                                                     ^
2025-11-23T07:05:33.7593326Z         ╵                                                                     ;
2025-11-23T07:05:33.7593506Z 
2025-11-23T07:05:33.7593510Z 
2025-11-23T07:05:33.7593513Z 
2025-11-23T07:05:33.7593516Z 
2025-11-23T07:05:33.7594254Z  WARN  [plugin @tailwindcss/vite:generate:build] Sourcemap is likely to be incorrect: a plugin (@tailwindcss/vite:generate:build) was used to transform files, but didn't generate a sourcemap for the transformation. Consult the plugin documentation for help
2025-11-23T07:05:33.7595063Z 
2025-11-23T07:05:33.7595167Z ℹ rendering chunks...
2025-11-23T07:05:33.7595298Z 
2025-11-23T07:05:33.7596019Z  WARN  [plugin @tailwindcss/vite:generate:build] Sourcemap is likely to be incorrect: a plugin (@tailwindcss/vite:generate:build) was used to transform files, but didn't generate a sourcemap for the transformation. Consult the plugin documentation for help (x2)
2025-11-23T07:05:33.7596823Z 
2025-11-23T07:05:33.7596827Z 
2025-11-23T07:05:33.7597544Z  WARN  [plugin @tailwindcss/vite:generate:build] Sourcemap is likely to be incorrect: a plugin (@tailwindcss/vite:generate:build) was used to transform files, but didn't generate a sourcemap for the transformation. Consult the plugin documentation for help (x3)
2025-11-23T07:05:33.7598347Z 
2025-11-23T07:05:33.7598350Z 
2025-11-23T07:05:33.7599069Z  WARN  [plugin @tailwindcss/vite:generate:build] Sourcemap is likely to be incorrect: a plugin (@tailwindcss/vite:generate:build) was used to transform files, but didn't generate a sourcemap for the transformation. Consult the plugin documentation for help (x4)
2025-11-23T07:05:33.7599880Z 
2025-11-23T07:05:33.7599883Z 
2025-11-23T07:05:33.7600599Z  WARN  [plugin @tailwindcss/vite:generate:build] Sourcemap is likely to be incorrect: a plugin (@tailwindcss/vite:generate:build) was used to transform files, but didn't generate a sourcemap for the transformation. Consult the plugin documentation for help (x5)
2025-11-23T07:05:33.7601393Z 
2025-11-23T07:05:33.7601396Z 
2025-11-23T07:05:33.7602113Z  WARN  [plugin @tailwindcss/vite:generate:build] Sourcemap is likely to be incorrect: a plugin (@tailwindcss/vite:generate:build) was used to transform files, but didn't generate a sourcemap for the transformation. Consult the plugin documentation for help (x6)
2025-11-23T07:05:33.7603051Z 
2025-11-23T07:05:33.7603054Z 
2025-11-23T07:05:33.7603776Z  WARN  [plugin @tailwindcss/vite:generate:build] Sourcemap is likely to be incorrect: a plugin (@tailwindcss/vite:generate:build) was used to transform files, but didn't generate a sourcemap for the transformation. Consult the plugin documentation for help (x7)
2025-11-23T07:05:33.7604715Z 
2025-11-23T07:05:33.7604718Z 
2025-11-23T07:05:33.7605435Z  WARN  [plugin @tailwindcss/vite:generate:build] Sourcemap is likely to be incorrect: a plugin (@tailwindcss/vite:generate:build) was used to transform files, but didn't generate a sourcemap for the transformation. Consult the plugin documentation for help (x8)
2025-11-23T07:05:33.7606346Z ℹ ✓ built in 7.51s
2025-11-23T07:05:33.7606462Z 
2025-11-23T07:05:33.7606576Z ✔ Server built in 7549ms
2025-11-23T07:05:33.7606715Z 
2025-11-23T07:05:33.7606798Z  WARN  [esbuild css minify]
2025-11-23T07:05:33.7607121Z ▲ [WARNING] Expected ";" but found "}" [css-syntax-error]
2025-11-23T07:05:33.7607342Z 
2025-11-23T07:05:33.7607414Z     <stdin>:1:117:
2025-11-23T07:05:33.7607890Z       1 │ ...apply bg-white rounded-2xl shadow p-6 hover:bg-gray-50 transition}}
2025-11-23T07:05:33.7608345Z         │                                                                     ^
2025-11-23T07:05:33.7608672Z [nitro] ✔ Generated public .output/public
2025-11-23T07:05:33.7609011Z         ╵                                                                     ;
2025-11-23T07:05:33.7609193Z 
2025-11-23T07:05:33.7609196Z 
2025-11-23T07:05:33.7609199Z 
2025-11-23T07:05:33.7609499Z [nitro] ℹ Building Nuxt Nitro server (preset: node-server, compatibility date: 2025-05-15)
2025-11-23T07:05:33.7609934Z [nitro] ✔ Nuxt Nitro server built
2025-11-23T07:05:33.7610296Z   ├─ .output/server/chunks/_/auth.mjs (2.82 kB) (1.03 kB gzip)
2025-11-23T07:05:33.7610719Z   ├─ .output/server/chunks/_/auth.mjs.map (2.82 kB) (585 B gzip)
2025-11-23T07:05:33.7611117Z   ├─ .output/server/chunks/_/db.mjs (489 B) (315 B gzip)
2025-11-23T07:05:33.7611501Z   ├─ .output/server/chunks/_/db.mjs.map (515 B) (285 B gzip)
2025-11-23T07:05:33.7611929Z   ├─ .output/server/chunks/_/document.mjs (1.33 kB) (466 B gzip)
2025-11-23T07:05:33.7612478Z   ├─ .output/server/chunks/_/document.mjs.map (1.68 kB) (463 B gzip)
2025-11-23T07:05:33.7612936Z   ├─ .output/server/chunks/_/DocumentType.mjs (1.26 kB) (484 B gzip)
2025-11-23T07:05:33.7613399Z   ├─ .output/server/chunks/_/DocumentType.mjs.map (1.49 kB) (454 B gzip)
2025-11-23T07:05:33.7613865Z   ├─ .output/server/chunks/_/error-500.mjs (4.87 kB) (2.05 kB gzip)
2025-11-23T07:05:33.7614306Z   ├─ .output/server/chunks/_/error-500.mjs.map (203 B) (166 B gzip)
2025-11-23T07:05:33.7614717Z   ├─ .output/server/chunks/_/mail.mjs (1.42 kB) (671 B gzip)
2025-11-23T07:05:33.7615123Z   ├─ .output/server/chunks/_/mail.mjs.map (1.3 kB) (355 B gzip)
2025-11-23T07:05:33.7615531Z   ├─ .output/server/chunks/_/mongo.mjs (306 B) (246 B gzip)
2025-11-23T07:05:33.7615929Z   ├─ .output/server/chunks/_/mongo.mjs.map (317 B) (216 B gzip)
2025-11-23T07:05:33.7616372Z   ├─ .output/server/chunks/_/Organization.mjs (1.23 kB) (502 B gzip)
2025-11-23T07:05:33.7616847Z   ├─ .output/server/chunks/_/Organization.mjs.map (1.36 kB) (459 B gzip)
2025-11-23T07:05:33.7617326Z   ├─ .output/server/chunks/_/organization2.mjs (9.26 kB) (2.73 kB gzip)
2025-11-23T07:05:33.7617817Z   ├─ .output/server/chunks/_/organization2.mjs.map (5.81 kB) (1.08 kB gzip)
2025-11-23T07:05:33.7618276Z   ├─ .output/server/chunks/_/Platform.mjs (768 B) (333 B gzip)
2025-11-23T07:05:33.7618707Z   ├─ .output/server/chunks/_/Platform.mjs.map (945 B) (358 B gzip)
2025-11-23T07:05:33.7619147Z   ├─ .output/server/chunks/_/platform2.mjs (2.33 kB) (757 B gzip)
2025-11-23T07:05:33.7619597Z   ├─ .output/server/chunks/_/platform2.mjs.map (2.18 kB) (634 B gzip)
2025-11-23T07:05:33.7620021Z   ├─ .output/server/chunks/_/Setting.mjs (348 B) (219 B gzip)
2025-11-23T07:05:33.7620435Z   ├─ .output/server/chunks/_/Setting.mjs.map (422 B) (245 B gzip)
2025-11-23T07:05:33.7620868Z   ├─ .output/server/chunks/_/subscription.mjs (431 B) (243 B gzip)
2025-11-23T07:05:33.7621330Z   ├─ .output/server/chunks/_/subscription.mjs.map (353 B) (230 B gzip)
2025-11-23T07:05:33.7621887Z   ├─ .output/server/chunks/_/User.mjs (2.76 kB) (911 B gzip)
2025-11-23T07:05:33.7622300Z   ├─ .output/server/chunks/_/User.mjs.map (2.88 kB) (767 B gzip)
2025-11-23T07:05:33.7622812Z   ├─ .output/server/chunks/_/utils.mjs (1.26 kB) (564 B gzip)
2025-11-23T07:05:33.7623225Z   ├─ .output/server/chunks/_/utils.mjs.map (1.27 kB) (482 B gzip)
2025-11-23T07:05:33.7623754Z   ├─ .output/server/chunks/build/_plugin-vue_export-helper-1tPrXgE0.mjs (254 B) (201 B gzip)
2025-11-23T07:05:33.7624399Z   ├─ .output/server/chunks/build/_plugin-vue_export-helper-1tPrXgE0.mjs.map (131 B) (124 B gzip)
2025-11-23T07:05:33.7625022Z   ├─ .output/server/chunks/build/accept-invite-CZI7G5bF.mjs (9.93 kB) (2.77 kB gzip)
2025-11-23T07:05:33.7625615Z   ├─ .output/server/chunks/build/accept-invite-CZI7G5bF.mjs.map (2.78 kB) (851 B gzip)
2025-11-23T07:05:33.7626313Z   ├─ .output/server/chunks/build/activity-BR81zrAC.mjs (2.24 kB) (783 B gzip)
2025-11-23T07:05:33.7626876Z   ├─ .output/server/chunks/build/activity-BR81zrAC.mjs.map (1.02 kB) (429 B gzip)
2025-11-23T07:05:33.7627413Z   ├─ .output/server/chunks/build/admin-NzC39gdt.mjs (919 B) (430 B gzip)
2025-11-23T07:05:33.7627924Z   ├─ .output/server/chunks/build/admin-NzC39gdt.mjs.map (475 B) (254 B gzip)
2025-11-23T07:05:33.7628438Z   ├─ .output/server/chunks/build/admin-tbipO3-X.mjs (1.02 kB) (504 B gzip)
2025-11-23T07:05:33.7628946Z   ├─ .output/server/chunks/build/admin-tbipO3-X.mjs.map (124 B) (109 B gzip)
2025-11-23T07:05:33.7629455Z   ├─ .output/server/chunks/build/all-CxKBqu0f.mjs (3.4 kB) (1.23 kB gzip)
2025-11-23T07:05:33.7629966Z   ├─ .output/server/chunks/build/all-CxKBqu0f.mjs.map (2.35 kB) (711 B gzip)
2025-11-23T07:05:33.7630547Z   ├─ .output/server/chunks/build/approve-organization-B3tbs059.mjs (7.26 kB) (2.19 kB gzip)
2025-11-23T07:05:33.7631205Z   ├─ .output/server/chunks/build/approve-organization-B3tbs059.mjs.map (2.44 kB) (804 B gzip)
2025-11-23T07:05:33.7631819Z   ├─ .output/server/chunks/build/asyncData-B5ndLIg8.mjs (12.2 kB) (3.01 kB gzip)
2025-11-23T07:05:33.7632532Z   ├─ .output/server/chunks/build/asyncData-B5ndLIg8.mjs.map (205 B) (170 B gzip)
2025-11-23T07:05:33.7633098Z   ├─ .output/server/chunks/build/audit-log-CyUFP4ko.mjs (3.1 kB) (1.08 kB gzip)
2025-11-23T07:05:33.7633653Z   ├─ .output/server/chunks/build/audit-log-CyUFP4ko.mjs.map (1.56 kB) (559 B gzip)
2025-11-23T07:05:33.7634209Z   ├─ .output/server/chunks/build/auth-guard-BUO-XlSO.mjs (3.7 kB) (1.23 kB gzip)
2025-11-23T07:05:33.7634764Z   ├─ .output/server/chunks/build/auth-guard-BUO-XlSO.mjs.map (3.16 kB) (893 B gzip)
2025-11-23T07:05:33.7635324Z   ├─ .output/server/chunks/build/client.precomputed.mjs (40.5 kB) (3.77 kB gzip)
2025-11-23T07:05:33.7635890Z   ├─ .output/server/chunks/build/client.precomputed.mjs.map (40.4 kB) (1.61 kB gzip)
2025-11-23T07:05:33.7636446Z   ├─ .output/server/chunks/build/config-shy8aFvb.mjs (6.24 kB) (1.55 kB gzip)
2025-11-23T07:05:33.7636998Z   ├─ .output/server/chunks/build/config-shy8aFvb.mjs.map (4.59 kB) (1.12 kB gzip)
2025-11-23T07:05:33.7637545Z   ├─ .output/server/chunks/build/create-Dc_IaGdm.mjs (4.13 kB) (1.61 kB gzip)
2025-11-23T07:05:33.7638071Z   ├─ .output/server/chunks/build/create-Dc_IaGdm.mjs.map (1.6 kB) (568 B gzip)
2025-11-23T07:05:33.7638654Z   ├─ .output/server/chunks/build/create-organization-D_djYQic.mjs (3.44 kB) (1.19 kB gzip)
2025-11-23T07:05:33.7639289Z   ├─ .output/server/chunks/build/create-organization-D_djYQic.mjs.map (2.17 kB) (708 B gzip)
2025-11-23T07:05:33.7639907Z   ├─ .output/server/chunks/build/create-platform-B8ZT_Qui.mjs (15.6 kB) (3.37 kB gzip)
2025-11-23T07:05:33.7640512Z   ├─ .output/server/chunks/build/create-platform-B8ZT_Qui.mjs.map (6.61 kB) (1.55 kB gzip)
2025-11-23T07:05:33.7641120Z   ├─ .output/server/chunks/build/create-platform-Ch8Y7Cij.mjs (16.7 kB) (3.99 kB gzip)
2025-11-23T07:05:33.7641735Z   ├─ .output/server/chunks/build/create-platform-Ch8Y7Cij.mjs.map (6.28 kB) (1.59 kB gzip)
2025-11-23T07:05:33.7642502Z   ├─ .output/server/chunks/build/create-platform-simple-Crf1B16N.mjs (3.18 kB) (1.25 kB gzip)
2025-11-23T07:05:33.7643337Z   ├─ .output/server/chunks/build/create-platform-simple-Crf1B16N.mjs.map (1.64 kB) (581 B gzip)
2025-11-23T07:05:33.7643950Z   ├─ .output/server/chunks/build/create-user-CCc3AuXu.mjs (883 B) (511 B gzip)
2025-11-23T07:05:33.7644507Z   ├─ .output/server/chunks/build/create-user-CCc3AuXu.mjs.map (339 B) (213 B gzip)
2025-11-23T07:05:33.7645072Z   ├─ .output/server/chunks/build/create-user-CQSvMmXp.mjs (7.21 kB) (1.92 kB gzip)
2025-11-23T07:05:33.7645651Z   ├─ .output/server/chunks/build/create-user-CQSvMmXp.mjs.map (4.25 kB) (1.15 kB gzip)
2025-11-23T07:05:33.7646234Z   ├─ .output/server/chunks/build/dashboard-BcNs7Szy.mjs (18.9 kB) (2.94 kB gzip)
2025-11-23T07:05:33.7646803Z   ├─ .output/server/chunks/build/dashboard-BcNs7Szy.mjs.map (4.93 kB) (1.02 kB gzip)
2025-11-23T07:05:33.7647356Z   ├─ .output/server/chunks/build/dashboard-BDRJBqKt.mjs (2.48 kB) (889 B gzip)
2025-11-23T07:05:33.7648053Z   ├─ .output/server/chunks/build/dashboard-BDRJBqKt.mjs.map (1.4 kB) (399 B gzip)
2025-11-23T07:05:33.7648613Z   ├─ .output/server/chunks/build/dashboard-C-rokW3L.mjs (921 B) (535 B gzip)
2025-11-23T07:05:33.7649157Z   ├─ .output/server/chunks/build/dashboard-C-rokW3L.mjs.map (335 B) (212 B gzip)
2025-11-23T07:05:33.7649709Z   ├─ .output/server/chunks/build/dashboard-CEUpE0G8.mjs (16.1 kB) (4.25 kB gzip)
2025-11-23T07:05:33.7650276Z   ├─ .output/server/chunks/build/dashboard-CEUpE0G8.mjs.map (6.9 kB) (1.83 kB gzip)
2025-11-23T07:05:33.7650861Z   ├─ .output/server/chunks/build/dashboard-styles.BliZ1ewh.mjs (1.35 kB) (536 B gzip)
2025-11-23T07:05:33.7651471Z   ├─ .output/server/chunks/build/dashboard-styles.BliZ1ewh.mjs.map (220 B) (166 B gzip)
2025-11-23T07:05:33.7652046Z   ├─ .output/server/chunks/build/debug-email-DyC3z9sa.mjs (929 B) (503 B gzip)
2025-11-23T07:05:33.7652699Z   ├─ .output/server/chunks/build/debug-email-DyC3z9sa.mjs.map (130 B) (116 B gzip)
2025-11-23T07:05:33.7653287Z   ├─ .output/server/chunks/build/debug-email-styles.BygTxN9J.mjs (279 B) (181 B gzip)
2025-11-23T07:05:33.7653905Z   ├─ .output/server/chunks/build/debug-email-styles.BygTxN9J.mjs.map (224 B) (171 B gzip)
2025-11-23T07:05:33.7654485Z   ├─ .output/server/chunks/build/default-BNCHW9p1.mjs (15.4 kB) (1.94 kB gzip)
2025-11-23T07:05:33.7655032Z   ├─ .output/server/chunks/build/default-BNCHW9p1.mjs.map (5.07 kB) (1.01 kB gzip)
2025-11-23T07:05:33.7655593Z   ├─ .output/server/chunks/build/default-styles.D7gJIH8L.mjs (284 B) (196 B gzip)
2025-11-23T07:05:33.7656164Z   ├─ .output/server/chunks/build/default-styles.D7gJIH8L.mjs.map (216 B) (169 B gzip)
2025-11-23T07:05:33.7656712Z   ├─ .output/server/chunks/build/dev-tools-BT_EGxXR.mjs (917 B) (501 B gzip)
2025-11-23T07:05:33.7657235Z   ├─ .output/server/chunks/build/dev-tools-BT_EGxXR.mjs.map (128 B) (114 B gzip)
2025-11-23T07:05:33.7657782Z   ├─ .output/server/chunks/build/dev-tools-styles.Y2087t46.mjs (269 B) (178 B gzip)
2025-11-23T07:05:33.7658379Z   ├─ .output/server/chunks/build/dev-tools-styles.Y2087t46.mjs.map (220 B) (168 B gzip)
2025-11-23T07:05:33.7658976Z   ├─ .output/server/chunks/build/doctor-management-erR83Hoh.mjs (913 B) (503 B gzip)
2025-11-23T07:05:33.7659579Z   ├─ .output/server/chunks/build/doctor-management-erR83Hoh.mjs.map (131 B) (119 B gzip)
2025-11-23T07:05:33.7660179Z   ├─ .output/server/chunks/build/document-types-CA26zZoE.mjs (15.3 kB) (3.83 kB gzip)
2025-11-23T07:05:33.7660780Z   ├─ .output/server/chunks/build/document-types-CA26zZoE.mjs.map (6.58 kB) (1.75 kB gzip)
2025-11-23T07:05:33.7661385Z   ├─ .output/server/chunks/build/DocumentManager-CiAuMHyA.mjs (11.1 kB) (3.1 kB gzip)
2025-11-23T07:05:33.7662000Z   ├─ .output/server/chunks/build/DocumentManager-CiAuMHyA.mjs.map (4.53 kB) (1.12 kB gzip)
2025-11-23T07:05:33.7662692Z   ├─ .output/server/chunks/build/documents-AHvj4vgH.mjs (17.7 kB) (3.62 kB gzip)
2025-11-23T07:05:33.7663252Z   ├─ .output/server/chunks/build/documents-AHvj4vgH.mjs.map (8 kB) (1.63 kB gzip)
2025-11-23T07:05:33.7663816Z   ├─ .output/server/chunks/build/documents-B5RTEYu1.mjs (11.5 kB) (2.04 kB gzip)
2025-11-23T07:05:33.7664513Z   ├─ .output/server/chunks/build/documents-B5RTEYu1.mjs.map (4.21 kB) (919 B gzip)
2025-11-23T07:05:33.7665075Z   ��─ .output/server/chunks/build/documents-BRcmHI9s.mjs (7.63 kB) (2.35 kB gzip)
2025-11-23T07:05:33.7665634Z   ├─ .output/server/chunks/build/documents-BRcmHI9s.mjs.map (2.79 kB) (919 B gzip)
2025-11-23T07:05:33.7666216Z   ├─ .output/server/chunks/build/documents-CjF6cZud.mjs (16 kB) (3.7 kB gzip)
2025-11-23T07:05:33.7666778Z   ├─ .output/server/chunks/build/documents-CjF6cZud.mjs.map (5.13 kB) (1.41 kB gzip)
2025-11-23T07:05:33.7667339Z   ├─ .output/server/chunks/build/documents-Cr-H1bZ4.mjs (8.72 kB) (1.89 kB gzip)
2025-11-23T07:05:33.7667890Z   ├─ .output/server/chunks/build/documents-Cr-H1bZ4.mjs.map (3.15 kB) (722 B gzip)
2025-11-23T07:05:33.7668453Z   ├─ .output/server/chunks/build/documents-styles.BnPg-sQt.mjs (327 B) (216 B gzip)
2025-11-23T07:05:33.7669161Z   ├─ .output/server/chunks/build/documents-styles.BnPg-sQt.mjs.map (220 B) (166 B gzip)
2025-11-23T07:05:33.7669794Z   ├─ .output/server/chunks/build/DocumentUploader-7pr8fHwK.mjs (10.5 kB) (2.88 kB gzip)
2025-11-23T07:05:33.7670430Z   ├─ .output/server/chunks/build/DocumentUploader-7pr8fHwK.mjs.map (5.64 kB) (1.44 kB gzip)
2025-11-23T07:05:33.7671087Z   ├─ .output/server/chunks/build/DocumentUploader-styles.BTwjDplI.mjs (360 B) (209 B gzip)
2025-11-23T07:05:33.7671756Z   ├─ .output/server/chunks/build/DocumentUploader-styles.BTwjDplI.mjs.map (234 B) (173 B gzip)
2025-11-23T07:05:33.7672441Z   ├─ .output/server/chunks/build/edit-Bnb3V4ma.mjs (1.86 kB) (856 B gzip)
2025-11-23T07:05:33.7672960Z   ├─ .output/server/chunks/build/edit-Bnb3V4ma.mjs.map (877 B) (401 B gzip)
2025-11-23T07:05:33.7673464Z   ├─ .output/server/chunks/build/edit-DHVhi6CP.mjs (1.85 kB) (851 B gzip)
2025-11-23T07:05:33.7673967Z   ├─ .output/server/chunks/build/edit-DHVhi6CP.mjs.map (873 B) (397 B gzip)
2025-11-23T07:05:33.7674514Z   ├─ .output/server/chunks/build/entry-styles.DSRQf0hs.mjs (38 kB) (7.51 kB gzip)
2025-11-23T07:05:33.7675082Z   ├─ .output/server/chunks/build/entry-styles.DSRQf0hs.mjs.map (212 B) (165 B gzip)
2025-11-23T07:05:33.7675650Z   ├─ .output/server/chunks/build/error-404-B9Ls0WJG.mjs (5.76 kB) (2.29 kB gzip)
2025-11-23T07:05:33.7676190Z   ├─ .output/server/chunks/build/error-404-B9Ls0WJG.mjs.map (245 B) (199 B gzip)
2025-11-23T07:05:33.7676754Z   ├─ .output/server/chunks/build/error-404-styles.BM3jSf5-.mjs (3.81 kB) (1.22 kB gzip)
2025-11-23T07:05:33.7677348Z   ├─ .output/server/chunks/build/error-404-styles.BM3jSf5-.mjs.map (220 B) (169 B gzip)
2025-11-23T07:05:33.7677912Z   ├─ .output/server/chunks/build/error-500-CO7jiN1a.mjs (4.86 kB) (1.99 kB gzip)
2025-11-23T07:05:33.7678458Z   ├─ .output/server/chunks/build/error-500-CO7jiN1a.mjs.map (227 B) (185 B gzip)
2025-11-23T07:05:33.7679022Z   ├─ .output/server/chunks/build/error-500-styles.BXdWm9Kk.mjs (2.16 kB) (858 B gzip)
2025-11-23T07:05:33.7679616Z   ├─ .output/server/chunks/build/error-500-styles.BXdWm9Kk.mjs.map (220 B) (170 B gzip)
2025-11-23T07:05:33.7680174Z   ├─ .output/server/chunks/build/fetch-BZrOg5A7.mjs (3.56 kB) (1.28 kB gzip)
2025-11-23T07:05:33.7680697Z   ├─ .output/server/chunks/build/fetch-BZrOg5A7.mjs.map (188 B) (163 B gzip)
2025-11-23T07:05:33.7681264Z   ├─ .output/server/chunks/build/forgot-password-uz-vNvnX.mjs (3.18 kB) (1.34 kB gzip)
2025-11-23T07:05:33.7681875Z   ├─ .output/server/chunks/build/forgot-password-uz-vNvnX.mjs.map (825 B) (386 B gzip)
2025-11-23T07:05:33.7682544Z   ├─ .output/server/chunks/build/hotel-booking-M5knKQBv.mjs (889 B) (503 B gzip)
2025-11-23T07:05:33.7683114Z   ├─ .output/server/chunks/build/hotel-booking-M5knKQBv.mjs.map (127 B) (118 B gzip)
2025-11-23T07:05:33.7683658Z   ├─ .output/server/chunks/build/index-B1wNkqlZ.mjs (6.81 kB) (1.83 kB gzip)
2025-11-23T07:05:33.7684179Z   ├─ .output/server/chunks/build/index-B1wNkqlZ.mjs.map (2.46 kB) (760 B gzip)
2025-11-23T07:05:33.7684702Z   ├─ .output/server/chunks/build/index-bmPLuT22.mjs (3.01 kB) (1.02 kB gzip)
2025-11-23T07:05:33.7685234Z   ├─ .output/server/chunks/build/index-bmPLuT22.mjs.map (1.11 kB) (463 B gzip)
2025-11-23T07:05:33.7685880Z   ├─ .output/server/chunks/build/index-C2LVRof7.mjs (7.03 kB) (1.54 kB gzip)
2025-11-23T07:05:33.7686403Z   ├─ .output/server/chunks/build/index-C2LVRof7.mjs.map (2.49 kB) (719 B gzip)
2025-11-23T07:05:33.7686917Z   ├─ .output/server/chunks/build/index-Cg2w1Xc7.mjs (43.9 kB) (7.59 kB gzip)
2025-11-23T07:05:33.7687449Z   ├─ .output/server/chunks/build/index-Cg2w1Xc7.mjs.map (20.3 kB) (4.09 kB gzip)
2025-11-23T07:05:33.7687971Z   ├─ .output/server/chunks/build/index-CWwl1MGY.mjs (9.65 kB) (2.03 kB gzip)
2025-11-23T07:05:33.7688486Z   ├─ .output/server/chunks/build/index-CWwl1MGY.mjs.map (2.6 kB) (692 B gzip)
2025-11-23T07:05:33.7688999Z   ├─ .output/server/chunks/build/index-D6ECVVNn.mjs (3.78 kB) (1.24 kB gzip)
2025-11-23T07:05:33.7689514Z   ├─ .output/server/chunks/build/index-D6ECVVNn.mjs.map (1.21 kB) (476 B gzip)
2025-11-23T07:05:33.7690143Z   ├─ .output/server/chunks/build/index-Dd0jvr6W.mjs (2.84 kB) (1.11 kB gzip)
2025-11-23T07:05:33.7690664Z   ├─ .output/server/chunks/build/index-Dd0jvr6W.mjs.map (700 B) (303 B gzip)
2025-11-23T07:05:33.7691180Z   ├─ .output/server/chunks/build/index-DEoH0QA4.mjs (12.1 kB) (2.34 kB gzip)
2025-11-23T07:05:33.7691705Z   ├─ .output/server/chunks/build/index-DEoH0QA4.mjs.map (3.07 kB) (841 B gzip)
2025-11-23T07:05:33.7692248Z   ├─ .output/server/chunks/build/index-styles.BncPp235.mjs (373 B) (251 B gzip)
2025-11-23T07:05:33.7692920Z   ├─ .output/server/chunks/build/index-styles.BncPp235.mjs.map (212 B) (164 B gzip)
2025-11-23T07:05:33.7693483Z   ├─ .output/server/chunks/build/index-styles.Bqh8JKnW.mjs (367 B) (250 B gzip)
2025-11-23T07:05:33.7694040Z   ├─ .output/server/chunks/build/index-styles.Bqh8JKnW.mjs.map (212 B) (167 B gzip)
2025-11-23T07:05:33.7694599Z   ├─ .output/server/chunks/build/invites-B0ZxFZAT.mjs (2.89 kB) (1.22 kB gzip)
2025-11-23T07:05:33.7695145Z   ├─ .output/server/chunks/build/invites-B0ZxFZAT.mjs.map (1.17 kB) (486 B gzip)
2025-11-23T07:05:33.7695692Z   ├─ .output/server/chunks/build/invites-B28s_QVZ.mjs (5.34 kB) (1.89 kB gzip)
2025-11-23T07:05:33.7696235Z   ├─ .output/server/chunks/build/invites-B28s_QVZ.mjs.map (2.67 kB) (875 B gzip)
2025-11-23T07:05:33.7696767Z   ├─ .output/server/chunks/build/invites-BKuXD8Md.mjs (3.06 kB) (1.01 kB gzip)
2025-11-23T07:05:33.7697307Z   ├─ .output/server/chunks/build/invites-BKuXD8Md.mjs.map (1.15 kB) (457 B gzip)
2025-11-23T07:05:33.7697845Z   ├─ .output/server/chunks/build/invites-CBOeVyvj.mjs (7.62 kB) (2.1 kB gzip)
2025-11-23T07:05:33.7698388Z   ├─ .output/server/chunks/build/invites-CBOeVyvj.mjs.map (2.98 kB) (772 B gzip)
2025-11-23T07:05:33.7698914Z   ├�� .output/server/chunks/build/login-BRPwTZ5C.mjs (3.93 kB) (1.4 kB gzip)
2025-11-23T07:05:33.7699437Z   ├─ .output/server/chunks/build/login-BRPwTZ5C.mjs.map (1.16 kB) (448 B gzip)
2025-11-23T07:05:33.7699975Z   ├─ .output/server/chunks/build/nuxt-link-B-wLFa-o.mjs (9.76 kB) (2.55 kB gzip)
2025-11-23T07:05:33.7700527Z   ├─ .output/server/chunks/build/nuxt-link-B-wLFa-o.mjs.map (209 B) (171 B gzip)
2025-11-23T07:05:33.7701269Z   ├─ .output/server/chunks/build/organization-register-Cl7LG3oX.mjs (6.61 kB) (1.72 kB gzip)
2025-11-23T07:05:33.7701951Z   ├─ .output/server/chunks/build/organization-register-Cl7LG3oX.mjs.map (3.69 kB) (701 B gzip)
2025-11-23T07:05:33.7702684Z   ├─ .output/server/chunks/build/organizations-CkAI0SAI.mjs (5.2 kB) (1.77 kB gzip)
2025-11-23T07:05:33.7703284Z   ├─ .output/server/chunks/build/organizations-CkAI0SAI.mjs.map (1.45 kB) (581 B gzip)
2025-11-23T07:05:33.7703963Z   ├─ .output/server/chunks/build/platform-document-requirements-Be6YP8PT.mjs (8.37 kB) (1.68 kB gzip)
2025-11-23T07:05:33.7704717Z   ├─ .output/server/chunks/build/platform-document-requirements-Be6YP8PT.mjs.map (3.93 kB) (840 B gzip)
2025-11-23T07:05:33.7705366Z   ├─ .output/server/chunks/build/platforms-BpGKdeqs.mjs (2.67 kB) (1.12 kB gzip)
2025-11-23T07:05:33.7705931Z   ├─ .output/server/chunks/build/platforms-BpGKdeqs.mjs.map (1.12 kB) (450 B gzip)
2025-11-23T07:05:33.7706621Z   ├─ .output/server/chunks/build/platforms-C08atgIs.mjs (9.19 kB) (2.46 kB gzip)
2025-11-23T07:05:33.7707196Z   ├─ .output/server/chunks/build/platforms-C08atgIs.mjs.map (2 kB) (720 B gzip)
2025-11-23T07:05:33.7707742Z   ├─ .output/server/chunks/build/profile-UGK7DMA_.mjs (10.2 kB) (2.83 kB gzip)
2025-11-23T07:05:33.7708281Z   ├─ .output/server/chunks/build/profile-UGK7DMA_.mjs.map (3.4 kB) (989 B gzip)
2025-11-23T07:05:33.7708813Z   ├─ .output/server/chunks/build/register-B2j-ml72.mjs (2.16 kB) (896 B gzip)
2025-11-23T07:05:33.7709347Z   ├─ .output/server/chunks/build/register-B2j-ml72.mjs.map (845 B) (371 B gzip)
2025-11-23T07:05:33.7709883Z   ├─ .output/server/chunks/build/register-C8uzG1Ge.mjs (16.4 kB) (3.73 kB gzip)
2025-11-23T07:05:33.7710441Z   ├─ .output/server/chunks/build/register-C8uzG1Ge.mjs.map (5.77 kB) (1.44 kB gzip)
2025-11-23T07:05:33.7711014Z   ├─ .output/server/chunks/build/requirements-Bh56oZXA.mjs (5.05 kB) (1.74 kB gzip)
2025-11-23T07:05:33.7711596Z   ├─ .output/server/chunks/build/requirements-Bh56oZXA.mjs.map (673 B) (301 B gzip)
2025-11-23T07:05:33.7712186Z   ├─ .output/server/chunks/build/requirements-FVM1zZBj.mjs (21.2 kB) (4.4 kB gzip)
2025-11-23T07:05:33.7712884Z   ├─ .output/server/chunks/build/requirements-FVM1zZBj.mjs.map (8.75 kB) (1.77 kB gzip)
2025-11-23T07:05:33.7713491Z   ├─ .output/server/chunks/build/reset-password-B4-M-ihr.mjs (3.82 kB) (1.37 kB gzip)
2025-11-23T07:05:33.7714094Z   ├─ .output/server/chunks/build/reset-password-B4-M-ihr.mjs.map (1.04 kB) (439 B gzip)
2025-11-23T07:05:33.7714628Z   ├─ .output/server/chunks/build/server.mjs (55.6 kB) (13.5 kB gzip)
2025-11-23T07:05:33.7715104Z   ├─ .output/server/chunks/build/server.mjs.map (4.49 kB) (1.73 kB gzip)
2025-11-23T07:05:33.7715621Z   ├─ .output/server/chunks/build/settings-B8aR4tdu.mjs (3.97 kB) (1.34 kB gzip)
2025-11-23T07:05:33.7716172Z   ├─ .output/server/chunks/build/settings-B8aR4tdu.mjs.map (1.91 kB) (570 B gzip)
2025-11-23T07:05:33.7727849Z   ├─ .output/server/chunks/build/settings-CUFX9pvR.mjs (1.9 kB) (890 B gzip)
2025-11-23T07:05:33.7728548Z   ├─ .output/server/chunks/build/settings-CUFX9pvR.mjs.map (720 B) (332 B gzip)
2025-11-23T07:05:33.7729131Z   ├─ .output/server/chunks/build/settings-Do4p55NM.mjs (7.39 kB) (2 kB gzip)
2025-11-23T07:05:33.7729701Z   ├─ .output/server/chunks/build/settings-Do4p55NM.mjs.map (3.44 kB) (964 B gzip)
2025-11-23T07:05:33.7730261Z   ├─ .output/server/chunks/build/settings-zK6AhhHQ.mjs (1.06 kB) (626 B gzip)
2025-11-23T07:05:33.7730801Z   ├─ .output/server/chunks/build/settings-zK6AhhHQ.mjs.map (333 B) (208 B gzip)
2025-11-23T07:05:33.7731291Z   ├─ .output/server/chunks/build/styles.mjs (2.8 kB) (612 B gzip)
2025-11-23T07:05:33.7731754Z   ├─ .output/server/chunks/build/styles.mjs.map (1.68 kB) (368 B gzip)
2025-11-23T07:05:33.7732274Z   ├─ .output/server/chunks/build/subscription-DlRgAItS.mjs (2.18 kB) (924 B gzip)
2025-11-23T07:05:33.7732994Z   ├─ .output/server/chunks/build/subscription-DlRgAItS.mjs.map (1.14 kB) (423 B gzip)
2025-11-23T07:05:33.7733663Z   ├─ .output/server/chunks/build/user-document-requirements-BHr8-Gx6.mjs (7.03 kB) (1.82 kB gzip)
2025-11-23T07:05:33.7734578Z   ├─ .output/server/chunks/build/user-document-requirements-BHr8-Gx6.mjs.map (3.54 kB) (984 B gzip)
2025-11-23T07:05:33.7735204Z   ├─ .output/server/chunks/build/users-CQ-ulfrt.mjs (5.18 kB) (1.59 kB gzip)
2025-11-23T07:05:33.7735735Z   ├─ .output/server/chunks/build/users-CQ-ulfrt.mjs.map (2.65 kB) (756 B gzip)
2025-11-23T07:05:33.7736254Z   ├─ .output/server/chunks/build/users-oyxe8fie.mjs (5.55 kB) (1.87 kB gzip)
2025-11-23T07:05:33.7736768Z   ├─ .output/server/chunks/build/users-oyxe8fie.mjs.map (1.55 kB) (583 B gzip)
2025-11-23T07:05:33.7737276Z   ├─ .output/server/chunks/build/users-SQU_olAG.mjs (1.92 kB) (866 B gzip)
2025-11-23T07:05:33.7737776Z   ├─ .output/server/chunks/build/users-SQU_olAG.mjs.map (688 B) (325 B gzip)
2025-11-23T07:05:33.7738268Z   ├─ .output/server/chunks/build/v3-CpmdgLCL.mjs (702 B) (374 B gzip)
2025-11-23T07:05:33.7738873Z   ├─ .output/server/chunks/build/v3-CpmdgLCL.mjs.map (201 B) (167 B gzip)
2025-11-23T07:05:33.7739434Z   ├─ .output/server/chunks/build/verify-email-DNDnFNgC.mjs (2.66 kB) (1.14 kB gzip)
2025-11-23T07:05:33.7740009Z   ├─ .output/server/chunks/build/verify-email-DNDnFNgC.mjs.map (824 B) (380 B gzip)
2025-11-23T07:05:33.7740516Z   ├─ .output/server/chunks/nitro/nitro.mjs (227 kB) (52.2 kB gzip)
2025-11-23T07:05:33.7740971Z   ├─ .output/server/chunks/nitro/nitro.mjs.map (3.34 kB) (850 B gzip)
2025-11-23T07:05:33.7741516Z   ├─ .output/server/chunks/routes/api/admin/document-types.get.mjs (1.85 kB) (769 B gzip)
2025-11-23T07:05:33.7742165Z   ├─ .output/server/chunks/routes/api/admin/document-types.get.mjs.map (1.49 kB) (583 B gzip)
2025-11-23T07:05:33.7742947Z   ├─ .output/server/chunks/routes/api/admin/document-types/_id_.delete.mjs (2.99 kB) (878 B gzip)
2025-11-23T07:05:33.7743644Z   ├─ .output/server/chunks/routes/api/admin/document-types/_id_.delete.mjs.map (2.11 kB) (434 B gzip)
2025-11-23T07:05:33.7744352Z   ├─ .output/server/chunks/routes/api/admin/document-types/_id_.put.mjs (3.32 kB) (979 B gzip)
2025-11-23T07:05:33.7745056Z   ├─ .output/server/chunks/routes/api/admin/document-types/_id_.put.mjs.map (2.58 kB) (490 B gzip)
2025-11-23T07:05:33.7745750Z   ├─ .output/server/chunks/routes/api/admin/document-types/create.post.mjs (3.29 kB) (1.01 kB gzip)
2025-11-23T07:05:33.7746458Z   ├─ .output/server/chunks/routes/api/admin/document-types/create.post.mjs.map (2.6 kB) (500 B gzip)
2025-11-23T07:05:33.7747142Z   ├─ .output/server/chunks/routes/api/admin/document-types/list.get.mjs (2.33 kB) (847 B gzip)
2025-11-23T07:05:33.7747814Z   ├─ .output/server/chunks/routes/api/admin/document-types/list.get.mjs.map (1.93 kB) (486 B gzip)
2025-11-23T07:05:33.7748496Z   ├─ .output/server/chunks/routes/api/admin/document-types/seed.post.mjs (4.65 kB) (1.23 kB gzip)
2025-11-23T07:05:33.7749183Z   ├─ .output/server/chunks/routes/api/admin/document-types/seed.post.mjs.map (3.41 kB) (533 B gzip)
2025-11-23T07:05:33.7749871Z   ├─ .output/server/chunks/routes/api/auth/forgot-password.post.mjs (2.65 kB) (1.12 kB gzip)
2025-11-23T07:05:33.7750555Z   ├─ .output/server/chunks/routes/api/auth/forgot-password.post.mjs.map (1.43 kB) (422 B gzip)
2025-11-23T07:05:33.7751177Z   ├─ .output/server/chunks/routes/api/auth/login.post.mjs (2.99 kB) (1.04 kB gzip)
2025-11-23T07:05:33.7751759Z   ├─ .output/server/chunks/routes/api/auth/login.post.mjs.map (2.93 kB) (832 B gzip)
2025-11-23T07:05:33.7752418Z   ├─ .output/server/chunks/routes/api/auth/logout.post.mjs (561 B) (308 B gzip)
2025-11-23T07:05:33.7752995Z   ├─ .output/server/chunks/routes/api/auth/logout.post.mjs.map (385 B) (208 B gzip)
2025-11-23T07:05:33.7753580Z   ├─ .output/server/chunks/routes/api/auth/register.post.mjs (3.58 kB) (1.37 kB gzip)
2025-11-23T07:05:33.7754182Z   ├─ .output/server/chunks/routes/api/auth/register.post.mjs.map (2.63 kB) (595 B gzip)
2025-11-23T07:05:33.7754805Z   ├─ .output/server/chunks/routes/api/auth/reset-password.post.mjs (1.53 kB) (615 B gzip)
2025-11-23T07:05:33.7755466Z   ├─ .output/server/chunks/routes/api/auth/reset-password.post.mjs.map (1.23 kB) (502 B gzip)
2025-11-23T07:05:33.7756189Z   ├─ .output/server/chunks/routes/api/auth/user.get.mjs (747 B) (349 B gzip)
2025-11-23T07:05:33.7756733Z   ├─ .output/server/chunks/routes/api/auth/user.get.mjs.map (493 B) (229 B gzip)
2025-11-23T07:05:33.7757317Z   ├─ .output/server/chunks/routes/api/auth/verify-email.post.mjs (1.43 kB) (584 B gzip)
2025-11-23T07:05:33.7757943Z   ├─ .output/server/chunks/routes/api/auth/verify-email.post.mjs.map (1.13 kB) (353 B gzip)
2025-11-23T07:05:33.7758628Z   ├─ .output/server/chunks/routes/api/dashboard/organization-stats.get.mjs (3.67 kB) (1.03 kB gzip)
2025-11-23T07:05:33.7759361Z   ├─ .output/server/chunks/routes/api/dashboard/organization-stats.get.mjs.map (2.85 kB) (564 B gzip)
2025-11-23T07:05:33.7760073Z   ├─ .output/server/chunks/routes/api/dashboard/platform-stats.get.mjs (3.54 kB) (1.02 kB gzip)
2025-11-23T07:05:33.7760871Z   ├─ .output/server/chunks/routes/api/dashboard/platform-stats.get.mjs.map (2.81 kB) (582 B gzip)
2025-11-23T07:05:33.7761600Z   ├─ .output/server/chunks/routes/api/dashboard/superadmin-stats.get.mjs (2.85 kB) (866 B gzip)
2025-11-23T07:05:33.7762295Z   ├─ .output/server/chunks/routes/api/dashboard/superadmin-stats.get.mjs.map (2 kB) (468 B gzip)
2025-11-23T07:05:33.7763053Z   ├─ .output/server/chunks/routes/api/dashboard/user-stats.get.mjs (2.86 kB) (936 B gzip)
2025-11-23T07:05:33.7763689Z   ├─ .output/server/chunks/routes/api/dashboard/user-stats.get.mjs.map (2.38 kB) (517 B gzip)
2025-11-23T07:05:33.7764298Z   ├─ .output/server/chunks/routes/api/dev/cleanup.post.mjs (387 B) (200 B gzip)
2025-11-23T07:05:33.7764868Z   ├─ .output/server/chunks/routes/api/dev/cleanup.post.mjs.map (109 B) (103 B gzip)
2025-11-23T07:05:33.7765426Z   ├─ .output/server/chunks/routes/api/docs-config.get.mjs (473 B) (266 B gzip)
2025-11-23T07:05:33.7765994Z   ├─ .output/server/chunks/routes/api/docs-config.get.mjs.map (259 B) (184 B gzip)
2025-11-23T07:05:33.7766601Z   ├─ .output/server/chunks/routes/api/docs-config.post.mjs (586 B) (327 B gzip)
2025-11-23T07:05:33.7767164Z   ├─ .output/server/chunks/routes/api/docs-config.post.mjs.map (391 B) (237 B gzip)
2025-11-23T07:05:33.7767735Z   ├─ .output/server/chunks/routes/api/docs/_id_.delete.mjs (812 B) (416 B gzip)
2025-11-23T07:05:33.7768283Z   ├─ .output/server/chunks/routes/api/docs/_id_.delete.mjs.map (593 B) (314 B gzip)
2025-11-23T07:05:33.7768826Z   ├─ .output/server/chunks/routes/api/docs/_id_.get.mjs (1.07 kB) (497 B gzip)
2025-11-23T07:05:33.7769356Z   ├─ .output/server/chunks/routes/api/docs/_id_.get.mjs.map (920 B) (391 B gzip)
2025-11-23T07:05:33.7769958Z   ├─ .output/server/chunks/routes/api/document-types/public.get.mjs (1.87 kB) (764 B gzip)
2025-11-23T07:05:33.7770600Z   ├─ .output/server/chunks/routes/api/document-types/public.get.mjs.map (1.62 kB) (601 B gzip)
2025-11-23T07:05:33.7771225Z   ├─ .output/server/chunks/routes/api/documents/_id_.delete.mjs (1.65 kB) (715 B gzip)
2025-11-23T07:05:33.7771854Z   ├─ .output/server/chunks/routes/api/documents/_id_.delete.mjs.map (1.46 kB) (537 B gzip)
2025-11-23T07:05:33.7772554Z   ├─ .output/server/chunks/routes/api/documents/_id_.get.mjs (1.45 kB) (584 B gzip)
2025-11-23T07:05:33.7773162Z   ├─ .output/server/chunks/routes/api/documents/_id_.get.mjs.map (1.24 kB) (442 B gzip)
2025-11-23T07:05:33.7773765Z   ├─ .output/server/chunks/routes/api/documents/approve.post.mjs (4.95 kB) (1.69 kB gzip)
2025-11-23T07:05:33.7774400Z   ├─ .output/server/chunks/routes/api/documents/approve.post.mjs.map (2.46 kB) (577 B gzip)
2025-11-23T07:05:33.7775002Z   ├─ .output/server/chunks/routes/api/documents/list.get.mjs (1.25 kB) (571 B gzip)
2025-11-23T07:05:33.7775588Z   ├─ .output/server/chunks/routes/api/documents/list.get.mjs.map (1.07 kB) (434 B gzip)
2025-11-23T07:05:33.7776201Z   ├─ .output/server/chunks/routes/api/documents/reject.post.mjs (5.86 kB) (1.87 kB gzip)
2025-11-23T07:05:33.7776821Z   ├─ .output/server/chunks/routes/api/documents/reject.post.mjs.map (2.57 kB) (574 B gzip)
2025-11-23T07:05:33.7777437Z   ├─ .output/server/chunks/routes/api/documents/seed.post.mjs (1.65 kB) (662 B gzip)
2025-11-23T07:05:33.7778166Z   ├─ .output/server/chunks/routes/api/documents/seed.post.mjs.map (1.2 kB) (458 B gzip)
2025-11-23T07:05:33.7778772Z   ├─ .output/server/chunks/routes/api/documents/upload.post.mjs (8.73 kB) (2.84 kB gzip)
2025-11-23T07:05:33.7779395Z   ├─ .output/server/chunks/routes/api/documents/upload.post.mjs.map (6.4 kB) (1.39 kB gzip)
2025-11-23T07:05:33.7779962Z   ├─ .output/server/chunks/routes/api/index.get.mjs (574 B) (283 B gzip)
2025-11-23T07:05:33.7780485Z   ├─ .output/server/chunks/routes/api/index.get.mjs.map (319 B) (217 B gzip)
2025-11-23T07:05:33.7781004Z   ├─ .output/server/chunks/routes/api/index.get2.mjs (1.99 kB) (831 B gzip)
2025-11-23T07:05:33.7781531Z   ├─ .output/server/chunks/routes/api/index.get2.mjs.map (1.74 kB) (631 B gzip)
2025-11-23T07:05:33.7782032Z   ├─ .output/server/chunks/routes/api/index.mjs (946 B) (407 B gzip)
2025-11-23T07:05:33.7782724Z   ├─ .output/server/chunks/routes/api/index.mjs.map (605 B) (237 B gzip)
2025-11-23T07:05:33.7783243Z   ├─ .output/server/chunks/routes/api/index.post.mjs (1.08 kB) (479 B gzip)
2025-11-23T07:05:33.7783774Z   ├─ .output/server/chunks/routes/api/index.post.mjs.map (869 B) (371 B gzip)
2025-11-23T07:05:33.7784368Z   ├─ .output/server/chunks/routes/api/org-admin/organizations.get.mjs (1.86 kB) (775 B gzip)
2025-11-23T07:05:33.7785023Z   ├─ .output/server/chunks/routes/api/org-admin/organizations.get.mjs.map (1.4 kB) (579 B gzip)
2025-11-23T07:05:33.7785767Z   ├─ .output/server/chunks/routes/api/org-admin/organizations/_id/document-types.get.mjs (3.58 kB) (1.06 kB gzip)
2025-11-23T07:05:33.7786579Z   ├─ .output/server/chunks/routes/api/org-admin/organizations/_id/document-types.get.mjs.map (2.81 kB) (835 B gzip)
2025-11-23T07:05:33.7787343Z   ├─ .output/server/chunks/routes/api/org-admin/organizations/_id/stats.get.mjs (3.11 kB) (913 B gzip)
2025-11-23T07:05:33.7788080Z   ├─ .output/server/chunks/routes/api/org-admin/organizations/_id/stats.get.mjs.map (2.35 kB) (686 B gzip)
2025-11-23T07:05:33.7788735Z   ├─ .output/server/chunks/routes/api/org/add-user.post.mjs (1.99 kB) (763 B gzip)
2025-11-23T07:05:33.7789330Z   ├─ .output/server/chunks/routes/api/org/add-user.post.mjs.map (1.66 kB) (412 B gzip)
2025-11-23T07:05:33.7789923Z   ├─ .output/server/chunks/routes/api/org/approve.post.mjs (6.37 kB) (2.04 kB gzip)
2025-11-23T07:05:33.7790507Z   ├─ .output/server/chunks/routes/api/org/approve.post.mjs.map (2.44 kB) (537 B gzip)
2025-11-23T07:05:33.7791054Z   ├─ .output/server/chunks/routes/api/org/create.mjs (2.01 kB) (748 B gzip)
2025-11-23T07:05:33.7791577Z   ├─ .output/server/chunks/routes/api/org/create.mjs.map (1.6 kB) (535 B gzip)
2025-11-23T07:05:33.7792119Z   ├─ .output/server/chunks/routes/api/org/details.get.mjs (1.95 kB) (701 B gzip)
2025-11-23T07:05:33.7792785Z   ├─ .output/server/chunks/routes/api/org/details.get.mjs.map (1.69 kB) (567 B gzip)
2025-11-23T07:05:33.7793331Z   ├─ .output/server/chunks/routes/api/org/listAll.mjs (1.85 kB) (709 B gzip)
2025-11-23T07:05:33.7793875Z   ├─ .output/server/chunks/routes/api/org/listAll.mjs.map (1.26 kB) (497 B gzip)
2025-11-23T07:05:33.7794443Z   ├─ .output/server/chunks/routes/api/org/listUsers.get.mjs (2.1 kB) (758 B gzip)
2025-11-23T07:05:33.7795023Z   ├─ .output/server/chunks/routes/api/org/listUsers.get.mjs.map (1.61 kB) (590 B gzip)
2025-11-23T07:05:33.7795606Z   ├─ .output/server/chunks/routes/api/org/register.post.mjs (7.73 kB) (2.37 kB gzip)
2025-11-23T07:05:33.7796188Z   ├─ .output/server/chunks/routes/api/org/register.post.mjs.map (4.25 kB) (788 B gzip)
2025-11-23T07:05:33.7796747Z   ├─ .output/server/chunks/routes/api/org/settings.mjs (1.63 kB) (554 B gzip)
2025-11-23T07:05:33.7797288Z   ├─ .output/server/chunks/routes/api/org/settings.mjs.map (1.33 kB) (426 B gzip)
2025-11-23T07:05:33.7797832Z   ├─ .output/server/chunks/routes/api/org/users.get.mjs (1.39 kB) (631 B gzip)
2025-11-23T07:05:33.7798376Z   ├─ .output/server/chunks/routes/api/org/users.get.mjs.map (1 kB) (448 B gzip)
2025-11-23T07:05:33.7799004Z   ├─ .output/server/chunks/routes/api/org/users/_userId/remove.delete.mjs (3.1 kB) (1.08 kB gzip)
2025-11-23T07:05:33.7799834Z   ├─ .output/server/chunks/routes/api/org/users/_userId/remove.delete.mjs.map (2.36 kB) (780 B gzip)
2025-11-23T07:05:33.7800499Z   ├─ .output/server/chunks/routes/api/org/users/_userId/role.put.mjs (2.59 kB) (877 B gzip)
2025-11-23T07:05:33.7801138Z   ├─ .output/server/chunks/routes/api/org/users/_userId/role.put.mjs.map (2.1 kB) (685 B gzip)
2025-11-23T07:05:33.7801796Z   ├─ .output/server/chunks/routes/api/org/users/accept-invite.post.mjs (3.42 kB) (1.1 kB gzip)
2025-11-23T07:05:33.7802578Z   ├─ .output/server/chunks/routes/api/org/users/accept-invite.post.mjs.map (2.72 kB) (826 B gzip)
2025-11-23T07:05:33.7803259Z   ├─ .output/server/chunks/routes/api/org/users/bulk-update.post.mjs (3.66 kB) (1.21 kB gzip)
2025-11-23T07:05:33.7803921Z   ├─ .output/server/chunks/routes/api/org/users/bulk-update.post.mjs.map (3.11 kB) (909 B gzip)
2025-11-23T07:05:33.7804680Z   ├─ .output/server/chunks/routes/api/org/users/create.post.mjs (6.05 kB) (2.2 kB gzip)
2025-11-23T07:05:33.7805318Z   ├─ .output/server/chunks/routes/api/org/users/create.post.mjs.map (3.81 kB) (917 B gzip)
2025-11-23T07:05:33.7805929Z   ├─ .output/server/chunks/routes/api/org/users/invite.post.mjs (6.29 kB) (2.1 kB gzip)
2025-11-23T07:05:33.7806541Z   ├─ .output/server/chunks/routes/api/org/users/invite.post.mjs.map (4.17 kB) (809 B gzip)
2025-11-23T07:05:33.7807142Z   ├─ .output/server/chunks/routes/api/org/users/list.get.mjs (2.91 kB) (1.11 kB gzip)
2025-11-23T07:05:33.7807731Z   ├─ .output/server/chunks/routes/api/org/users/list.get.mjs.map (2.72 kB) (868 B gzip)
2025-11-23T07:05:33.7808350Z   ├─ .output/server/chunks/routes/api/org/users/verify-admin.get.mjs (1.46 kB) (573 B gzip)
2025-11-23T07:05:33.7808989Z   ├─ .output/server/chunks/routes/api/org/users/verify-admin.get.mjs.map (1 kB) (425 B gzip)
2025-11-23T07:05:33.7809635Z   ├─ .output/server/chunks/routes/api/org/users/verify-admin.post.mjs (1.53 kB) (633 B gzip)
2025-11-23T07:05:33.7810303Z   ├─ .output/server/chunks/routes/api/org/users/verify-admin.post.mjs.map (1.15 kB) (481 B gzip)
2025-11-23T07:05:33.7810940Z   ├─ .output/server/chunks/routes/api/organization/_id_.mjs (1.54 kB) (594 B gzip)
2025-11-23T07:05:33.7811522Z   ├─ .output/server/chunks/routes/api/organization/_id_.mjs.map (1.15 kB) (449 B gzip)
2025-11-23T07:05:33.7812207Z   ├─ .output/server/chunks/routes/api/organization/document-requirements.get.mjs (3.98 kB) (1.11 kB gzip)
2025-11-23T07:05:33.7813096Z   ├─ .output/server/chunks/routes/api/organization/document-requirements.get.mjs.map (3.33 kB) (962 B gzip)
2025-11-23T07:05:33.7813893Z   ├─ .output/server/chunks/routes/api/organization/user-document-requirements.get.mjs (4.72 kB) (1.3 kB gzip)
2025-11-23T07:05:33.7814711Z   ├─ .output/server/chunks/routes/api/organization/user-document-requirements.get.mjs.map (3.98 kB) (1.1 kB gzip)
2025-11-23T07:05:33.7815551Z   ├─ .output/server/chunks/routes/api/organization/user-document-requirements.post.mjs (3.41 kB) (1.06 kB gzip)
2025-11-23T07:05:33.7816383Z   ├─ .output/server/chunks/routes/api/organization/user-document-requirements.post.mjs.map (2.62 kB) (838 B gzip)
2025-11-23T07:05:33.7817126Z   ├─ .output/server/chunks/routes/api/platform-admin/platforms.get.mjs (1.51 kB) (646 B gzip)
2025-11-23T07:05:33.7817797Z   ├─ .output/server/chunks/routes/api/platform-admin/platforms.get.mjs.map (1.06 kB) (469 B gzip)
2025-11-23T07:05:33.7818456Z   ├─ .output/server/chunks/routes/api/platform-admin/platforms.mjs (5.26 kB) (1.63 kB gzip)
2025-11-23T07:05:33.7819096Z   ├─ .output/server/chunks/routes/api/platform-admin/platforms.mjs.map (4.2 kB) (1.24 kB gzip)
2025-11-23T07:05:33.7819829Z   ├─ .output/server/chunks/routes/api/platform-admin/platforms/_id/document-types.get.mjs (2.56 kB) (909 B gzip)
2025-11-23T07:05:33.7820656Z   ├─ .output/server/chunks/routes/api/platform-admin/platforms/_id/document-types.get.mjs.map (1.96 kB) (691 B gzip)
2025-11-23T07:05:33.7821527Z   ├─ .output/server/chunks/routes/api/platform-admin/platforms/_id/documents/_documentId_.delete.mjs (1.58 kB) (625 B gzip)
2025-11-23T07:05:33.7822689Z   ├─ .output/server/chunks/routes/api/platform-admin/platforms/_id/documents/_documentId_.delete.mjs.map (1.12 kB) (359 B gzip)
2025-11-23T07:05:33.7823509Z   ├─ .output/server/chunks/routes/api/platform-admin/platforms/_id/stats.get.mjs (2.67 kB) (859 B gzip)
2025-11-23T07:05:33.7824283Z   ├─ .output/server/chunks/routes/api/platform-admin/platforms/_id/stats.get.mjs.map (2.05 kB) (618 B gzip)
2025-11-23T07:05:33.7825084Z   ├─ .output/server/chunks/routes/api/platform-admin/platforms/_id/uploaded-documents.get.mjs (1.73 kB) (709 B gzip)
2025-11-23T07:05:33.7825939Z   ├─ .output/server/chunks/routes/api/platform-admin/platforms/_id/uploaded-documents.get.mjs.map (1.2 kB) (372 B gzip)
2025-11-23T07:05:33.7826627Z   ├─ .output/server/chunks/routes/api/platform/_id_.mjs (1.23 kB) (532 B gzip)
2025-11-23T07:05:33.7827162Z   ├─ .output/server/chunks/routes/api/platform/_id_.mjs.map (954 B) (401 B gzip)
2025-11-23T07:05:33.7827836Z   ├─ .output/server/chunks/routes/api/platform/_id_.put.mjs (1.61 kB) (656 B gzip)
2025-11-23T07:05:33.7828434Z   ├─ .output/server/chunks/routes/api/platform/_id_.put.mjs.map (1.33 kB) (506 B gzip)
2025-11-23T07:05:33.7829046Z   ├─ .output/server/chunks/routes/api/platform/assignAdmin.post.mjs (1.23 kB) (500 B gzip)
2025-11-23T07:05:33.7829697Z   ├─ .output/server/chunks/routes/api/platform/assignAdmin.post.mjs.map (853 B) (293 B gzip)
2025-11-23T07:05:33.7830316Z   ├─ .output/server/chunks/routes/api/platform/create.post.mjs (2.17 kB) (835 B gzip)
2025-11-23T07:05:33.7830918Z   ├─ .output/server/chunks/routes/api/platform/create.post.mjs.map (1.7 kB) (443 B gzip)
2025-11-23T07:05:33.7831590Z   ├─ .output/server/chunks/routes/api/platform/document-requirements.get.mjs (4.48 kB) (1.17 kB gzip)
2025-11-23T07:05:33.7832433Z   ├─ .output/server/chunks/routes/api/platform/document-requirements.get.mjs.map (3.88 kB) (1.03 kB gzip)
2025-11-23T07:05:33.7833099Z   ├─ .output/server/chunks/routes/api/platform/list.mjs (1.53 kB) (613 B gzip)
2025-11-23T07:05:33.7833658Z   ├─ .output/server/chunks/routes/api/platform/list.mjs.map (1.1 kB) (469 B gzip)
2025-11-23T07:05:33.7834250Z   ├─ .output/server/chunks/routes/api/platform/listAdmins.get.mjs (1.47 kB) (597 B gzip)
2025-11-23T07:05:33.7834882Z   ├─ .output/server/chunks/routes/api/platform/listAdmins.get.mjs.map (1.03 kB) (343 B gzip)
2025-11-23T07:05:33.7835634Z   ├─ .output/server/chunks/routes/api/platform/organization-document-requirements.get.mjs (3.85 kB) (1.23 kB gzip)
2025-11-23T07:05:33.7836508Z   ├─ .output/server/chunks/routes/api/platform/organization-document-requirements.get.mjs.map (3.17 kB) (1.02 kB gzip)
2025-11-23T07:05:33.7837385Z   ├─ .output/server/chunks/routes/api/platform/organization-document-requirements.post.mjs (3.44 kB) (1.04 kB gzip)
2025-11-23T07:05:33.7838261Z   ├─ .output/server/chunks/routes/api/platform/organization-document-requirements.post.mjs.map (2.59 kB) (825 B gzip)
2025-11-23T07:05:33.7839073Z   ├─ .output/server/chunks/routes/api/platform/organization/approve.post.mjs (2.25 kB) (776 B gzip)
2025-11-23T07:05:33.7839821Z   ├─ .output/server/chunks/routes/api/platform/organization/approve.post.mjs.map (1.47 kB) (530 B gzip)
2025-11-23T07:05:33.7840546Z   ├─ .output/server/chunks/routes/api/platform/organization/details.get.mjs (2.21 kB) (691 B gzip)
2025-11-23T07:05:33.7841268Z   ├─ .output/server/chunks/routes/api/platform/organization/details.get.mjs.map (1.63 kB) (530 B gzip)
2025-11-23T07:05:33.7841984Z   ├─ .output/server/chunks/routes/api/platform/organization/pending.get.mjs (2.13 kB) (804 B gzip)
2025-11-23T07:05:33.7842992Z   ├─ .output/server/chunks/routes/api/platform/organization/pending.get.mjs.map (1.78 kB) (643 B gzip)
2025-11-23T07:05:33.7843763Z   ├─ .output/server/chunks/routes/api/platform/organization/public-approve.post.mjs (13 kB) (3.08 kB gzip)
2025-11-23T07:05:33.7844570Z   ├─ .output/server/chunks/routes/api/platform/organization/public-approve.post.mjs.map (4.31 kB) (825 B gzip)
2025-11-23T07:05:33.7845346Z   ├─ .output/server/chunks/routes/api/platform/organization/register.post.mjs (2.69 kB) (949 B gzip)
2025-11-23T07:05:33.7846236Z   ├─ .output/server/chunks/routes/api/platform/organization/register.post.mjs.map (1.83 kB) (638 B gzip)
2025-11-23T07:05:33.7846939Z   ├─ .output/server/chunks/routes/api/platform/organizations.get.mjs (1.39 kB) (595 B gzip)
2025-11-23T07:05:33.7847597Z   ├─ .output/server/chunks/routes/api/platform/organizations.get.mjs.map (954 B) (433 B gzip)
2025-11-23T07:05:33.7848244Z   ├─ .output/server/chunks/routes/api/platform/removeAdmin.post.mjs (1.23 kB) (495 B gzip)
2025-11-23T07:05:33.7848893Z   ├─ .output/server/chunks/routes/api/platform/removeAdmin.post.mjs.map (853 B) (293 B gzip)
2025-11-23T07:05:33.7849524Z   ├─ .output/server/chunks/routes/api/platform/settings/get.mjs (1.54 kB) (590 B gzip)
2025-11-23T07:05:33.7850136Z   ├─ .output/server/chunks/routes/api/platform/settings/get.mjs.map (1.17 kB) (461 B gzip)
2025-11-23T07:05:33.7850905Z   ��─ .output/server/chunks/routes/api/platform/settings/update.post.mjs (1.61 kB) (629 B gzip)
2025-11-23T07:05:33.7851606Z   ├─ .output/server/chunks/routes/api/platform/settings/update.post.mjs.map (1.3 kB) (476 B gzip)
2025-11-23T07:05:33.7852240Z   ├─ .output/server/chunks/routes/api/platform/users.get.mjs (1.07 kB) (495 B gzip)
2025-11-23T07:05:33.7852943Z   ├─ .output/server/chunks/routes/api/platform/users.get.mjs.map (798 B) (377 B gzip)
2025-11-23T07:05:33.7853525Z   ├─ .output/server/chunks/routes/api/platforms/list.get.mjs (1.11 kB) (500 B gzip)
2025-11-23T07:05:33.7854104Z   ├─ .output/server/chunks/routes/api/platforms/list.get.mjs.map (814 B) (386 B gzip)
2025-11-23T07:05:33.7854687Z   ├─ .output/server/chunks/routes/api/platforms/seed.post.mjs (2.12 kB) (790 B gzip)
2025-11-23T07:05:33.7855280Z   ├─ .output/server/chunks/routes/api/platforms/seed.post.mjs.map (1.46 kB) (505 B gzip)
2025-11-23T07:05:33.7855835Z   ├─ .output/server/chunks/routes/api/services.get.mjs (598 B) (310 B gzip)
2025-11-23T07:05:33.7856374Z   ├─ .output/server/chunks/routes/api/services.get.mjs.map (331 B) (215 B gzip)
2025-11-23T07:05:33.7856919Z   ├─ .output/server/chunks/routes/api/services.post.mjs (652 B) (333 B gzip)
2025-11-23T07:05:33.7857452Z   ├─ .output/server/chunks/routes/api/services.post.mjs.map (389 B) (233 B gzip)
2025-11-23T07:05:33.7858013Z   ├─ .output/server/chunks/routes/api/services/_id_.delete.mjs (718 B) (383 B gzip)
2025-11-23T07:05:33.7858604Z   ├─ .output/server/chunks/routes/api/services/_id_.delete.mjs.map (521 B) (284 B gzip)
2025-11-23T07:05:33.7859169Z   ├─ .output/server/chunks/routes/api/services/_id_.put.mjs (778 B) (411 B gzip)
2025-11-23T07:05:33.7859725Z   ├─ .output/server/chunks/routes/api/services/_id_.put.mjs.map (591 B) (302 B gzip)
2025-11-23T07:05:33.7860273Z   ├─ .output/server/chunks/routes/api/settings.get.mjs (1.19 kB) (532 B gzip)
2025-11-23T07:05:33.7860812Z   ├─ .output/server/chunks/routes/api/settings.get.mjs.map (809 B) (294 B gzip)
2025-11-23T07:05:33.7861361Z   ├─ .output/server/chunks/routes/api/settings.post.mjs (1.35 kB) (629 B gzip)
2025-11-23T07:05:33.7861920Z   ├─ .output/server/chunks/routes/api/settings.post.mjs.map (1.05 kB) (325 B gzip)
2025-11-23T07:05:33.7862612Z   ├─ .output/server/chunks/routes/api/subscriptions/_id_.delete.mjs (1.04 kB) (477 B gzip)
2025-11-23T07:05:33.7863249Z   ├─ .output/server/chunks/routes/api/subscriptions/_id_.delete.mjs.map (932 B) (380 B gzip)
2025-11-23T07:05:33.7863860Z   ├─ .output/server/chunks/routes/api/subscriptions/_id_.put.mjs (974 B) (451 B gzip)
2025-11-23T07:05:33.7864464Z   ├─ .output/server/chunks/routes/api/subscriptions/_id_.put.mjs.map (772 B) (354 B gzip)
2025-11-23T07:05:33.7865111Z   ├─ .output/server/chunks/routes/api/subscriptions/subscriptions.get.mjs (796 B) (385 B gzip)
2025-11-23T07:05:33.7865802Z   ├─ .output/server/chunks/routes/api/subscriptions/subscriptions.get.mjs.map (635 B) (314 B gzip)
2025-11-23T07:05:33.7866527Z   ├─ .output/server/chunks/routes/api/subscriptions/subscriptions.post.mjs (796 B) (376 B gzip)
2025-11-23T07:05:33.7867357Z   ├─ .output/server/chunks/routes/api/subscriptions/subscriptions.post.mjs.map (513 B) (282 B gzip)
2025-11-23T07:05:33.7868252Z   ├─ .output/server/chunks/routes/api/superadmin/platform-document-requirements.get.mjs (3.53 kB) (1.12 kB gzip)
2025-11-23T07:05:33.7869095Z   ├─ .output/server/chunks/routes/api/superadmin/platform-document-requirements.get.mjs.map (2.98 kB) (971 B gzip)
2025-11-23T07:05:33.7869948Z   ├─ .output/server/chunks/routes/api/superadmin/platform-document-requirements.post.mjs (3.13 kB) (975 B gzip)
2025-11-23T07:05:33.7870792Z   ├─ .output/server/chunks/routes/api/superadmin/platform-document-requirements.post.mjs.map (2.37 kB) (782 B gzip)
2025-11-23T07:05:33.7871526Z   ├─ .output/server/chunks/routes/api/superadmin/platforms.mjs (3.41 kB) (1.11 kB gzip)
2025-11-23T07:05:33.7872143Z   ├─ .output/server/chunks/routes/api/superadmin/platforms.mjs.map (2.87 kB) (862 B gzip)
2025-11-23T07:05:33.7872902Z   ├─ .output/server/chunks/routes/api/superadmin/platforms/_id_.get.mjs (1.89 kB) (694 B gzip)
2025-11-23T07:05:33.7873575Z   ├─ .output/server/chunks/routes/api/superadmin/platforms/_id_.get.mjs.map (1.4 kB) (520 B gzip)
2025-11-23T07:05:33.7874308Z   ├─ .output/server/chunks/routes/api/superadmin/platforms/_id/document-types.mjs (3.65 kB) (1.14 kB gzip)
2025-11-23T07:05:33.7875088Z   ├─ .output/server/chunks/routes/api/superadmin/platforms/_id/document-types.mjs.map (2.98 kB) (860 B gzip)
2025-11-23T07:05:33.7875897Z   ├─ .output/server/chunks/routes/api/superadmin/platforms/_id/document-types/_docTypeId_.mjs (2.99 kB) (877 B gzip)
2025-11-23T07:05:33.7876743Z   ├─ .output/server/chunks/routes/api/superadmin/platforms/_id/document-types/_docTypeId_.mjs.map (2.33 kB) (654 B gzip)
2025-11-23T07:05:33.7877468Z   ├─ .output/server/chunks/routes/api/superadmin/settings/get.mjs (835 B) (422 B gzip)
2025-11-23T07:05:33.7878101Z   ├─ .output/server/chunks/routes/api/superadmin/settings/get.mjs.map (579 B) (310 B gzip)
2025-11-23T07:05:33.7878746Z   ├─ .output/server/chunks/routes/api/superadmin/settings/update.mjs (2.17 kB) (677 B gzip)
2025-11-23T07:05:33.7879421Z   ├─ .output/server/chunks/routes/api/superadmin/settings/update.mjs.map (1.61 kB) (551 B gzip)
2025-11-23T07:05:33.7880050Z   ├─ .output/server/chunks/routes/api/superadmin/stats.get.mjs (1.57 kB) (614 B gzip)
2025-11-23T07:05:33.7880658Z   ├─ .output/server/chunks/routes/api/superadmin/stats.get.mjs.map (1.06 kB) (448 B gzip)
2025-11-23T07:05:33.7881225Z   ├─ .output/server/chunks/routes/api/upload.post.mjs (2.21 kB) (933 B gzip)
2025-11-23T07:05:33.7881759Z   ├─ .output/server/chunks/routes/api/upload.post.mjs.map (2.01 kB) (693 B gzip)
2025-11-23T07:05:33.7882312Z   ├─ .output/server/chunks/routes/api/user/create.post.mjs (3.5 kB) (1.37 kB gzip)
2025-11-23T07:05:33.7882982Z   ├─ .output/server/chunks/routes/api/user/create.post.mjs.map (1.98 kB) (497 B gzip)
2025-11-23T07:05:33.7883637Z   ├─ .output/server/chunks/routes/api/user/document-requirements.get.mjs (4.09 kB) (1.21 kB gzip)
2025-11-23T07:05:33.7884362Z   ├─ .output/server/chunks/routes/api/user/document-requirements.get.mjs.map (3.33 kB) (1.04 kB gzip)
2025-11-23T07:05:33.7885122Z   ├─ .output/server/chunks/routes/api/user/list.get.mjs (1.9 kB) (794 B gzip)
2025-11-23T07:05:33.7885677Z   ├─ .output/server/chunks/routes/api/user/list.get.mjs.map (1.65 kB) (444 B gzip)
2025-11-23T07:05:33.7886220Z   ├─ .output/server/chunks/routes/api/user/me.get.mjs (1.92 kB) (707 B gzip)
2025-11-23T07:05:33.7886751Z   ├─ .output/server/chunks/routes/api/user/me.get.mjs.map (1.62 kB) (572 B gzip)
2025-11-23T07:05:33.7887328Z   ├─ .output/server/chunks/routes/api/user/update.post.mjs (3.78 kB) (1.16 kB gzip)
2025-11-23T07:05:33.7887922Z   ├─ .output/server/chunks/routes/api/user/update.post.mjs.map (3.17 kB) (637 B gzip)
2025-11-23T07:05:33.7888472Z   ├─ .output/server/chunks/routes/renderer.mjs (14.1 kB) (4.38 kB gzip)
2025-11-23T07:05:33.7888955Z   ├─ .output/server/chunks/routes/renderer.mjs.map (861 B) (284 B gzip)
2025-11-23T07:05:33.7889579Z   ├─ .output/server/chunks/virtual/_virtual_spa-template.mjs (94 B) (100 B gzip)
2025-11-23T07:05:33.7890158Z   ├─ .output/server/chunks/virtual/_virtual_spa-template.mjs.map (112 B) (111 B gzip)
2025-11-23T07:05:33.7890615Z   ├─ .output/server/index.mjs (372 B) (215 B gzip)
2025-11-23T07:05:33.7890981Z   └─ .output/server/package.json (2.08 kB) (796 B gzip)
2025-11-23T07:05:33.7891311Z Σ Total size: 8.32 MB (2.13 MB gzip)
2025-11-23T07:05:33.7891712Z [nitro] ✔ You can preview this build using node .output/server/index.mjs
2025-11-23T07:05:33.7891971Z 
2025-11-23T07:05:33.7892075Z Zipping existing node_modules folder...
2025-11-23T07:05:33.7892415Z Done in 12 sec(s).
2025-11-23T07:05:33.7892618Z Preparing output...
2025-11-23T07:05:33.7892747Z 
2025-11-23T07:05:33.7892912Z Copying files to destination directory '/home/site/wwwroot'...
2025-11-23T07:05:33.7893352Z could not make way for new symlink: .output/server/node_modules/perfect-debounce
2025-11-23T07:05:33.7893842Z cannot delete non-empty directory: .output/server/node_modules/perfect-debounce
2025-11-23T07:05:33.7894438Z rsync error: some files/attrs were not transferred (see previous errors) (code 23) at main.c(1338) [sender=3.2.7]
2025-11-23T07:05:33.7911348Z npm warn deprecated inflight@1.0.6: This module is not supported, and leaks memory. Do not use it. Check out lru-cache if you want a good and tested way to coalesce async requests by a key value, which is much more comprehensive and powerful.\nnpm warn deprecated @humanwhocodes/config-array@0.13.0: Use @eslint/config-array instead\nnpm warn deprecated rimraf@3.0.2: Rimraf versions prior to v4 are no longer supported\nnpm warn deprecated @humanwhocodes/object-schema@2.0.3: Use @eslint/object-schema instead\nnpm warn deprecated glob@7.2.3: Glob versions prior to v9 are no longer supported\nnpm warn deprecated eslint@8.57.1: This version is no longer supported. Please see https://eslint.org/version-support for other options.\n\n WARN  [esbuild css minify]\n▲ [WARNING] Expected ";" but found "}" [css-syntax-error]\n\n    <stdin>:1:111:\n      1 │ ...apply bg-white rounded-2xl shadow p-6 hover:bg-gray-50 transition}}\n        │                                                                     ^\n        ╵                                                                     ;\n\n\n\n\n WARN  [esbuild css minify]\n▲ [WARNING] Expected ";" but found "}" [css-syntax-error]\n\n    <stdin>:1:117:\n      1 │ ...apply bg-white rounded-2xl shadow p-6 hover:bg-gray-50 transition}}\n        │                                                                     ^\n        ╵                                                                     ;\n\n\n\n\n WARN  [esbuild css minify]\n▲ [WARNING] Expected ";" but found "}" [css-syntax-error]\n\n    <stdin>:1:111:\n      1 │ ...apply bg-white rounded-2xl shadow p-6 hover:bg-gray-50 transition}}\n        │                                                                     ^\n        ╵                                                                     ;\n\n\n\n\n WARN  [esbuild css minify]\n▲ [WARNING] Expected ";" but found "}" [css-syntax-error]\n\n    <stdin>:1:117:\n      1 │ ...apply bg-white rounded-2xl shadow p-6 hover:bg-gray-50 transition}}\n        │                                                                     ^\n        ╵                                                                     ;\n\n\n\n\n WARN  [esbuild css minify]\n▲ [WARNING] Expected ";" but found "}" [css-syntax-error]\n\n    <stdin>:1:111:\n      1 │ ...apply bg-white rounded-2xl shadow p-6 hover:bg-gray-50 transition}}\n        │                                                                     ^\n        ╵                                                                     ;\n\n\n\n\n WARN  [plugin @tailwindcss/vite:generate:build] Sourcemap is likely to be incorrect: a plugin (@tailwindcss/vite:generate:build) was used to transform files, but didn't generate a sourcemap for the transformation. Consult the plugin documentation for help\n\n\n WARN  [plugin @tailwindcss/vite:generate:build] Sourcemap is likely to be incorrect: a plugin (@tailwindcss/vite:generate:build) was used to transform files, but didn't generate a sourcemap for the transformation. Consult the plugin documentation for help (x2)\n\n\n WARN  [plugin @tailwindcss/vite:generate:build] Sourcemap is likely to be incorrect: a plugin (@tailwindcss/vite:generate:build) was used to transform files, but didn't generate a sourcemap for the transformation. Consult the plugin documentation for help (x3)\n\n\n WARN  [plugin @tailwindcss/vite:generate:build] Sourcemap is likely to be incorrect: a plugin (@tailwindcss/vite:generate:build) was used to transform files, but didn't generate a sourcemap for the transformation. Consult the plugin documentation for help (x4)\n\n\n WARN  [plugin @tailwindcss/vite:generate:build] Sourcemap is likely to be incorrect: a plugin (@tailwindcss/vite:generate:build) was used to transform files, but didn't generate a sourcemap for the transformation. Consult the plugin documentation for help (x5)\n\n\n WARN  [plugin @tailwindcss/vite:generate:build] Sourcemap is likely to be incorrect: a plugin (@tailwindcss/vite:generate:build) was used to transform files, but didn't generate a sourcemap for the transformation. Consult the plugin documentation for help (x6)\n\n\n WARN  [plugin @tailwindcss/vite:generate:build] Sourcemap is likely to be incorrect: a plugin (@tailwindcss/vite:generate:build) was used to transform files, but didn't generate a sourcemap for the transformation. Consult the plugin documentation for help (x7)\n\n\n WARN  [plugin @tailwindcss/vite:generate:build] Sourcemap is likely to be incorrect: a plugin (@tailwindcss/vite:generate:build) was used to transform files, but didn't generate a sourcemap for the transformation. Consult the plugin documentation for help (x8)\n\n\n WARN  [esbuild css minify]\n▲ [WARNING] Expected ";" but found "}" [css-syntax-error]\n\n    <stdin>:1:117:\n      1 │ ...apply bg-white rounded-2xl shadow p-6 hover:bg-gray-50 transition}}\n        │                                                                     ^\n        ╵                                                                     ;\n\n\n\ncould not make way for new symlink: .output/server/node_modules/perfect-debounce\nrsync error: some files/attrs were not transferred (see previous errors) (code 23) at main.c(1338) [sender=3.2.7]\n/bin/bash -c "oryx build /tmp/zipdeploy/extracted -o /home/site/wwwroot --platform nodejs --platform-version 20 -p virtualenv_name= --log-file /tmp/build-debug.log  -i /tmp/8de2a5e82338b6c -p compress_node_modules=tar-gz | tee /tmp/oryx-build.log ; exit $PIPESTATUS "
2025-11-23T07:05:33.7925265Z 
2025-11-23T07:05:33.7925368Z Generating summary of Oryx build
2025-11-23T07:05:33.7925618Z Parsing the build logs
2025-11-23T07:05:33.7925824Z Found 0 issue(s)
2025-11-23T07:05:33.7925937Z 
2025-11-23T07:05:33.7926014Z Build Summary :
2025-11-23T07:05:33.7926191Z ===============
2025-11-23T07:05:33.7926364Z Errors (0)
2025-11-23T07:05:33.7926533Z Warnings (0)
2025-11-23T07:05:33.7926640Z 
2025-11-23T07:05:33.7926827Z Deployment Failed. deployer = OneDeploy deploymentPath = OneDeploy
2025-11-23T07:05:33.7945451Z ##[error]Failed to deploy web package to App Service.
2025-11-23T07:05:33.7953568Z ##[error]Deployment Failed, Package deployment using ZIP Deploy failed. Refer logs for more details.
2025-11-23T07:05:34.7074128Z App Service Application URL: https://cargonuxt-awfkfdffa7dcdzes.eastus2-01.azurewebsites.net
2025-11-23T07:05:34.7238882Z Post job cleanup.
2025-11-23T07:05:34.7633414Z Clearing azure cli accounts from the local cache.
2025-11-23T07:05:34.7648064Z [command]/usr/bin/az account clear
2025-11-23T07:05:35.4724255Z Evaluate and set environment url
2025-11-23T07:05:35.4728011Z Evaluated environment url: https://cargonuxt-awfkfdffa7dcdzes.eastus2-01.azurewebsites.net
2025-11-23T07:05:35.4728953Z Cleaning up orphan processes
2025-11-23T07:05:35.5222001Z Terminate orphan process: pid (2230) (python3)
